Archive member included to satisfy reference by file (symbol)

c:/st/stm32cubeide_1.9.0/stm32cubeide/plugins/com.st.stm32cube.ide.mcu.externaltools.gnu-tools-for-stm32.10.3-2021.10.win32_1.0.100.202210260954/tools/bin/../lib/gcc/arm-none-eabi/10.3.1/../../../../arm-none-eabi/lib/thumb/v7-m/nofp\libm.a(lib_a-w_asin.o)
                              ./Core/Src/MPU9250-DMP.o (asin)
c:/st/stm32cubeide_1.9.0/stm32cubeide/plugins/com.st.stm32cube.ide.mcu.externaltools.gnu-tools-for-stm32.10.3-2021.10.win32_1.0.100.202210260954/tools/bin/../lib/gcc/arm-none-eabi/10.3.1/../../../../arm-none-eabi/lib/thumb/v7-m/nofp\libm.a(lib_a-w_atan2.o)
                              ./Core/Src/MPU9250-DMP.o (atan2)
c:/st/stm32cubeide_1.9.0/stm32cubeide/plugins/com.st.stm32cube.ide.mcu.externaltools.gnu-tools-for-stm32.10.3-2021.10.win32_1.0.100.202210260954/tools/bin/../lib/gcc/arm-none-eabi/10.3.1/../../../../arm-none-eabi/lib/thumb/v7-m/nofp\libm.a(lib_a-e_asin.o)
                              c:/st/stm32cubeide_1.9.0/stm32cubeide/plugins/com.st.stm32cube.ide.mcu.externaltools.gnu-tools-for-stm32.10.3-2021.10.win32_1.0.100.202210260954/tools/bin/../lib/gcc/arm-none-eabi/10.3.1/../../../../arm-none-eabi/lib/thumb/v7-m/nofp\libm.a(lib_a-w_asin.o) (__ieee754_asin)
c:/st/stm32cubeide_1.9.0/stm32cubeide/plugins/com.st.stm32cube.ide.mcu.externaltools.gnu-tools-for-stm32.10.3-2021.10.win32_1.0.100.202210260954/tools/bin/../lib/gcc/arm-none-eabi/10.3.1/../../../../arm-none-eabi/lib/thumb/v7-m/nofp\libm.a(lib_a-e_atan2.o)
                              c:/st/stm32cubeide_1.9.0/stm32cubeide/plugins/com.st.stm32cube.ide.mcu.externaltools.gnu-tools-for-stm32.10.3-2021.10.win32_1.0.100.202210260954/tools/bin/../lib/gcc/arm-none-eabi/10.3.1/../../../../arm-none-eabi/lib/thumb/v7-m/nofp\libm.a(lib_a-w_atan2.o) (__ieee754_atan2)
c:/st/stm32cubeide_1.9.0/stm32cubeide/plugins/com.st.stm32cube.ide.mcu.externaltools.gnu-tools-for-stm32.10.3-2021.10.win32_1.0.100.202210260954/tools/bin/../lib/gcc/arm-none-eabi/10.3.1/../../../../arm-none-eabi/lib/thumb/v7-m/nofp\libm.a(lib_a-e_sqrt.o)
                              c:/st/stm32cubeide_1.9.0/stm32cubeide/plugins/com.st.stm32cube.ide.mcu.externaltools.gnu-tools-for-stm32.10.3-2021.10.win32_1.0.100.202210260954/tools/bin/../lib/gcc/arm-none-eabi/10.3.1/../../../../arm-none-eabi/lib/thumb/v7-m/nofp\libm.a(lib_a-e_asin.o) (__ieee754_sqrt)
c:/st/stm32cubeide_1.9.0/stm32cubeide/plugins/com.st.stm32cube.ide.mcu.externaltools.gnu-tools-for-stm32.10.3-2021.10.win32_1.0.100.202210260954/tools/bin/../lib/gcc/arm-none-eabi/10.3.1/../../../../arm-none-eabi/lib/thumb/v7-m/nofp\libm.a(lib_a-s_atan.o)
                              c:/st/stm32cubeide_1.9.0/stm32cubeide/plugins/com.st.stm32cube.ide.mcu.externaltools.gnu-tools-for-stm32.10.3-2021.10.win32_1.0.100.202210260954/tools/bin/../lib/gcc/arm-none-eabi/10.3.1/../../../../arm-none-eabi/lib/thumb/v7-m/nofp\libm.a(lib_a-e_atan2.o) (atan)
c:/st/stm32cubeide_1.9.0/stm32cubeide/plugins/com.st.stm32cube.ide.mcu.externaltools.gnu-tools-for-stm32.10.3-2021.10.win32_1.0.100.202210260954/tools/bin/../lib/gcc/arm-none-eabi/10.3.1/../../../../arm-none-eabi/lib/thumb/v7-m/nofp\libm.a(lib_a-s_fabs.o)
                              c:/st/stm32cubeide_1.9.0/stm32cubeide/plugins/com.st.stm32cube.ide.mcu.externaltools.gnu-tools-for-stm32.10.3-2021.10.win32_1.0.100.202210260954/tools/bin/../lib/gcc/arm-none-eabi/10.3.1/../../../../arm-none-eabi/lib/thumb/v7-m/nofp\libm.a(lib_a-w_asin.o) (fabs)
c:/st/stm32cubeide_1.9.0/stm32cubeide/plugins/com.st.stm32cube.ide.mcu.externaltools.gnu-tools-for-stm32.10.3-2021.10.win32_1.0.100.202210260954/tools/bin/../lib/gcc/arm-none-eabi/10.3.1/../../../../arm-none-eabi/lib/thumb/v7-m/nofp\libm.a(lib_a-s_nan.o)
                              c:/st/stm32cubeide_1.9.0/stm32cubeide/plugins/com.st.stm32cube.ide.mcu.externaltools.gnu-tools-for-stm32.10.3-2021.10.win32_1.0.100.202210260954/tools/bin/../lib/gcc/arm-none-eabi/10.3.1/../../../../arm-none-eabi/lib/thumb/v7-m/nofp\libm.a(lib_a-w_asin.o) (nan)
c:/st/stm32cubeide_1.9.0/stm32cubeide/plugins/com.st.stm32cube.ide.mcu.externaltools.gnu-tools-for-stm32.10.3-2021.10.win32_1.0.100.202210260954/tools/bin/../lib/gcc/arm-none-eabi/10.3.1/../../../../arm-none-eabi/lib/thumb/v7-m/nofp\libc_nano.a(lib_a-errno.o)
                              ./Core/Src/syscalls.o (__errno)
c:/st/stm32cubeide_1.9.0/stm32cubeide/plugins/com.st.stm32cube.ide.mcu.externaltools.gnu-tools-for-stm32.10.3-2021.10.win32_1.0.100.202210260954/tools/bin/../lib/gcc/arm-none-eabi/10.3.1/../../../../arm-none-eabi/lib/thumb/v7-m/nofp\libc_nano.a(lib_a-exit.o)
                              c:/st/stm32cubeide_1.9.0/stm32cubeide/plugins/com.st.stm32cube.ide.mcu.externaltools.gnu-tools-for-stm32.10.3-2021.10.win32_1.0.100.202210260954/tools/bin/../lib/gcc/arm-none-eabi/10.3.1/../../../../arm-none-eabi/lib/thumb/v7-m/nofp/crt0.o (exit)
[...]
Memory Configuration

Name             Origin             Length             Attributes
RAM              0x0000000020000000 0x0000000000005000 xrw
FLASH            0x0000000008000000 0x0000000000010000 xr
*default*        0x0000000000000000 0xffffffffffffffff

Linker script and memory map

LOAD c:/st/stm32cubeide_1.9.0/stm32cubeide/plugins/com.st.stm32cube.ide.mcu.externaltools.gnu-tools-for-stm32.10.3-2021.10.win32_1.0.100.202210260954/tools/bin/../lib/gcc/arm-none-eabi/10.3.1/thumb/v7-m/nofp/crti.o
LOAD c:/st/stm32cubeide_1.9.0/stm32cubeide/plugins/com.st.stm32cube.ide.mcu.externaltools.gnu-tools-for-stm32.10.3-2021.10.win32_1.0.100.202210260954/tools/bin/../lib/gcc/arm-none-eabi/10.3.1/thumb/v7-m/nofp/crtbegin.o
LOAD c:/st/stm32cubeide_1.9.0/stm32cubeide/plugins/com.st.stm32cube.ide.mcu.externaltools.gnu-tools-for-stm32.10.3-2021.10.win32_1.0.100.202210260954/tools/bin/../lib/gcc/arm-none-eabi/10.3.1/../../../../arm-none-eabi/lib/thumb/v7-m/nofp/crt0.o
LOAD ./Core/Src/MPU9250-DMP.o
LOAD ./Core/Src/inv_mpu.o
LOAD ./Core/Src/inv_mpu_dmp_motion_driver.o
LOAD ./Core/Src/main.o
LOAD ./Core/Src/stm32_mpu9250_clk.o
LOAD ./Core/Src/stm32_mpu9250_i2c.o
LOAD ./Core/Src/stm32f1xx_hal_msp.o
LOAD ./Core/Src/stm32f1xx_it.o
LOAD ./Core/Src/syscalls.o
LOAD ./Core/Src/sysmem.o
LOAD ./Core/Src/system_stm32f1xx.o
LOAD ./Core/Src/printf/printf.o
LOAD ./Core/Startup/startup_stm32f103c8tx.o
LOAD ./Drivers/STM32F1xx_HAL_Driver/Src/stm32f1xx_hal.o
LOAD ./Drivers/STM32F1xx_HAL_Driver/Src/stm32f1xx_hal_can.o
LOAD ./Drivers/STM32F1xx_HAL_Driver/Src/stm32f1xx_hal_cortex.o
LOAD ./Drivers/STM32F1xx_HAL_Driver/Src/stm32f1xx_hal_dma.o
LOAD ./Drivers/STM32F1xx_HAL_Driver/Src/stm32f1xx_hal_exti.o
LOAD ./Drivers/STM32F1xx_HAL_Driver/Src/stm32f1xx_hal_flash.o
LOAD ./Drivers/STM32F1xx_HAL_Driver/Src/stm32f1xx_hal_flash_ex.o
LOAD ./Drivers/STM32F1xx_HAL_Driver/Src/stm32f1xx_hal_gpio.o
LOAD ./Drivers/STM32F1xx_HAL_Driver/Src/stm32f1xx_hal_gpio_ex.o
LOAD ./Drivers/STM32F1xx_HAL_Driver/Src/stm32f1xx_hal_i2c.o
LOAD ./Drivers/STM32F1xx_HAL_Driver/Src/stm32f1xx_hal_pwr.o
LOAD ./Drivers/STM32F1xx_HAL_Driver/Src/stm32f1xx_hal_rcc.o
LOAD ./Drivers/STM32F1xx_HAL_Driver/Src/stm32f1xx_hal_rcc_ex.o
LOAD ./Drivers/STM32F1xx_HAL_Driver/Src/stm32f1xx_hal_tim.o
LOAD ./Drivers/STM32F1xx_HAL_Driver/Src/stm32f1xx_hal_tim_ex.o
LOAD ./Drivers/STM32F1xx_HAL_Driver/Src/stm32f1xx_hal_uart.o
START GROUP
LOAD c:/st/stm32cubeide_1.9.0/stm32cubeide/plugins/com.st.stm32cube.ide.mcu.externaltools.gnu-tools-for-stm32.10.3-2021.10.win32_1.0.100.202210260954/tools/bin/../lib/gcc/arm-none-eabi/10.3.1/../../../../arm-none-eabi/lib/thumb/v7-m/nofp\libstdc++_nano.a
LOAD c:/st/stm32cubeide_1.9.0/stm32cubeide/plugins/com.st.stm32cube.ide.mcu.externaltools.gnu-tools-for-stm32.10.3-2021.10.win32_1.0.100.202210260954/tools/bin/../lib/gcc/arm-none-eabi/10.3.1/../../../../arm-none-eabi/lib/thumb/v7-m/nofp\libsupc++_nano.a
END GROUP
LOAD c:/st/stm32cubeide_1.9.0/stm32cubeide/plugins/com.st.stm32cube.ide.mcu.externaltools.gnu-tools-for-stm32.10.3-2021.10.win32_1.0.100.202210260954/tools/bin/../lib/gcc/arm-none-eabi/10.3.1/../../../../arm-none-eabi/lib/thumb/v7-m/nofp\libstdc++_nano.a
LOAD c:/st/stm32cubeide_1.9.0/stm32cubeide/plugins/com.st.stm32cube.ide.mcu.externaltools.gnu-tools-for-stm32.10.3-2021.10.win32_1.0.100.202210260954/tools/bin/../lib/gcc/arm-none-eabi/10.3.1/../../../../arm-none-eabi/lib/thumb/v7-m/nofp\libm.a
LOAD c:/st/stm32cubeide_1.9.0/stm32cubeide/plugins/com.st.stm32cube.ide.mcu.externaltools.gnu-tools-for-stm32.10.3-2021.10.win32_1.0.100.202210260954/tools/bin/../lib/gcc/arm-none-eabi/10.3.1/../../../../arm-none-eabi/lib/thumb/v7-m/nofp\libc_nano.a
START GROUP
LOAD c:/st/stm32cubeide_1.9.0/stm32cubeide/plugins/com.st.stm32cube.ide.mcu.externaltools.gnu-tools-for-stm32.10.3-2021.10.win32_1.0.100.202210260954/tools/bin/../lib/gcc/arm-none-eabi/10.3.1/thumb/v7-m/nofp\libgcc.a
LOAD c:/st/stm32cubeide_1.9.0/stm32cubeide/plugins/com.st.stm32cube.ide.mcu.externaltools.gnu-tools-for-stm32.10.3-2021.10.win32_1.0.100.202210260954/tools/bin/../lib/gcc/arm-none-eabi/10.3.1/../../../../arm-none-eabi/lib/thumb/v7-m/nofp\libc_nano.a
END GROUP
START GROUP
LOAD c:/st/stm32cubeide_1.9.0/stm32cubeide/plugins/com.st.stm32cube.ide.mcu.externaltools.gnu-tools-for-stm32.10.3-2021.10.win32_1.0.100.202210260954/tools/bin/../lib/gcc/arm-none-eabi/10.3.1/thumb/v7-m/nofp\libgcc.a
LOAD c:/st/stm32cubeide_1.9.0/stm32cubeide/plugins/com.st.stm32cube.ide.mcu.externaltools.gnu-tools-for-stm32.10.3-2021.10.win32_1.0.100.202210260954/tools/bin/../lib/gcc/arm-none-eabi/10.3.1/../../../../arm-none-eabi/lib/thumb/v7-m/nofp\libc_nano.a
LOAD c:/st/stm32cubeide_1.9.0/stm32cubeide/plugins/com.st.stm32cube.ide.mcu.externaltools.gnu-tools-for-stm32.10.3-2021.10.win32_1.0.100.202210260954/tools/bin/../lib/gcc/arm-none-eabi/10.3.1/../../../../arm-none-eabi/lib/thumb/v7-m/nofp\libnosys.a
END GROUP
START GROUP
LOAD c:/st/stm32cubeide_1.9.0/stm32cubeide/plugins/com.st.stm32cube.ide.mcu.externaltools.gnu-tools-for-stm32.10.3-2021.10.win32_1.0.100.202210260954/tools/bin/../lib/gcc/arm-none-eabi/10.3.1/thumb/v7-m/nofp\libgcc.a
LOAD c:/st/stm32cubeide_1.9.0/stm32cubeide/plugins/com.st.stm32cube.ide.mcu.externaltools.gnu-tools-for-stm32.10.3-2021.10.win32_1.0.100.202210260954/tools/bin/../lib/gcc/arm-none-eabi/10.3.1/../../../../arm-none-eabi/lib/thumb/v7-m/nofp\libc_nano.a
LOAD c:/st/stm32cubeide_1.9.0/stm32cubeide/plugins/com.st.stm32cube.ide.mcu.externaltools.gnu-tools-for-stm32.10.3-2021.10.win32_1.0.100.202210260954/tools/bin/../lib/gcc/arm-none-eabi/10.3.1/../../../../arm-none-eabi/lib/thumb/v7-m/nofp\libnosys.a
END GROUP
LOAD c:/st/stm32cubeide_1.9.0/stm32cubeide/plugins/com.st.stm32cube.ide.mcu.externaltools.gnu-tools-for-stm32.10.3-2021.10.win32_1.0.100.202210260954/tools/bin/../lib/gcc/arm-none-eabi/10.3.1/thumb/v7-m/nofp/crtend.o
LOAD c:/st/stm32cubeide_1.9.0/stm32cubeide/plugins/com.st.stm32cube.ide.mcu.externaltools.gnu-tools-for-stm32.10.3-2021.10.win32_1.0.100.202210260954/tools/bin/../lib/gcc/arm-none-eabi/10.3.1/thumb/v7-m/nofp/crtn.o
                0x0000000020005000                _estack = (ORIGIN (RAM) + LENGTH (RAM))
                0x0000000000000200                _Min_Heap_Size = 0x200
                0x0000000000000400                _Min_Stack_Size = 0x400

.isr_vector     0x0000000008000000      0x10c
                0x0000000008000000                . = ALIGN (0x4)
 *(.isr_vector)
 .isr_vector    0x0000000008000000      0x10c ./Core/Startup/startup_stm32f103c8tx.o
                0x0000000008000000                g_pfnVectors
                0x000000000800010c                . = ALIGN (0x4)

.text           0x0000000008000110     0xaa80
                0x0000000008000110                . = ALIGN (0x4)
 *(.text)
 .text          0x0000000008000110       0x40 c:/st/stm32cubeide_1.9.0/stm32cubeide/plugins/com.st.stm32cube.ide.mcu.externaltools.gnu-tools-for-stm32.10.3-2021.10.win32_1.0.100.202210260954/tools/bin/../lib/gcc/arm-none-eabi/10.3.1/thumb/v7-m/nofp/crtbegin.o
 .text          0x0000000008000150      0x378 c:/st/stm32cubeide_1.9.0/stm32cubeide/plugins/com.st.stm32cube.ide.mcu.externaltools.gnu-tools-for-stm32.10.3-2021.10.win32_1.0.100.202210260954/tools/bin/../lib/gcc/arm-none-eabi/10.3.1/thumb/v7-m/nofp\libgcc.a(_arm_addsubdf3.o)
                0x0000000008000150                __aeabi_drsub
                0x0000000008000158                __aeabi_dsub
                0x0000000008000158                __subdf3
                0x000000000800015c                __aeabi_dadd
                0x000000000800015c                __adddf3
                0x00000000080003d4                __floatunsidf
                0x00000000080003d4                __aeabi_ui2d
                0x00000000080003f4                __floatsidf
                0x00000000080003f4                __aeabi_i2d
                0x0000000008000418                __aeabi_f2d
                0x0000000008000418                __extendsfdf2
                0x000000000800045c                __floatundidf
                0x000000000800045c                __aeabi_ul2d
                0x000000000800046c                __floatdidf
                0x000000000800046c                __aeabi_l2d
 .text          0x00000000080004c8      0x424 c:/st/stm32cubeide_1.9.0/stm32cubeide/plugins/com.st.stm32cube.ide.mcu.externaltools.gnu-tools-for-stm32.10.3-2021.10.win32_1.0.100.202210260954/tools/bin/../lib/gcc/arm-none-eabi/10.3.1/thumb/v7-m/nofp\libgcc.a(_arm_muldivdf3.o)
                0x00000000080004c8                __aeabi_dmul
                0x00000000080004c8                __muldf3
                0x000000000800071c                __divdf3
                0x000000000800071c                __aeabi_ddiv
 .text          0x00000000080008ec      0x110 c:/st/stm32cubeide_1.9.0/stm32cubeide/plugins/com.st.stm32cube.ide.mcu.externaltools.gnu-tools-for-stm32.10.3-2021.10.win32_1.0.100.202210260954/tools/bin/../lib/gcc/arm-none-eabi/10.3.1/thumb/v7-m/nofp\libgcc.a(_arm_cmpdf2.o)
                0x00000000080008ec                __gtdf2
                0x00000000080008ec                __gedf2
                0x00000000080008f4                __ltdf2
                0x00000000080008f4                __ledf2
                0x00000000080008fc                __nedf2
                0x00000000080008fc                __eqdf2
                0x00000000080008fc                __cmpdf2
                0x0000000008000978                __aeabi_cdrcmple
                0x0000000008000988                __aeabi_cdcmpeq
                0x0000000008000988                __aeabi_cdcmple
                0x0000000008000998                __aeabi_dcmpeq
                0x00000000080009ac                __aeabi_dcmplt
                0x00000000080009c0                __aeabi_dcmple
                0x00000000080009d4                __aeabi_dcmpge
                0x00000000080009e8                __aeabi_dcmpgt
 .text          0x00000000080009fc       0x2c c:/st/stm32cubeide_1.9.0/stm32cubeide/plugins/com.st.stm32cube.ide.mcu.externaltools.gnu-tools-for-stm32.10.3-2021.10.win32_1.0.100.202210260954/tools/bin/../lib/gcc/arm-none-eabi/10.3.1/thumb/v7-m/nofp\libgcc.a(_arm_unorddf2.o)
                0x00000000080009fc                __unorddf2
                0x00000000080009fc                __aeabi_dcmpun
 .text          0x0000000008000a28       0xa0 c:/st/stm32cubeide_1.9.0/stm32cubeide/plugins/com.st.stm32cube.ide.mcu.externaltools.gnu-tools-for-stm32.10.3-2021.10.win32_1.0.100.202210260954/tools/bin/../lib/gcc/arm-none-eabi/10.3.1/thumb/v7-m/nofp\libgcc.a(_arm_truncdfsf2.o)
                0x0000000008000a28                __truncdfsf2
                0x0000000008000a28                __aeabi_d2f
 .text          0x0000000008000ac8      0x21c c:/st/stm32cubeide_1.9.0/stm32cubeide/plugins/com.st.stm32cube.ide.mcu.externaltools.gnu-tools-for-stm32.10.3-2021.10.win32_1.0.100.202210260954/tools/bin/../lib/gcc/arm-none-eabi/10.3.1/thumb/v7-m/nofp\libgcc.a(_arm_addsubsf3.o)
                0x0000000008000ac8                __aeabi_frsub
                0x0000000008000ad0                __subsf3
                0x0000000008000ad0                __aeabi_fsub
                0x0000000008000ad4                __aeabi_fadd
                0x0000000008000ad4                __addsf3
                0x0000000008000c34                __aeabi_ui2f
                0x0000000008000c34                __floatunsisf
                0x0000000008000c3c                __aeabi_i2f
                0x0000000008000c3c                __floatsisf
                0x0000000008000c58                __aeabi_ul2f
                0x0000000008000c58                __floatundisf
                0x0000000008000c68                __aeabi_l2f
                0x0000000008000c68                __floatdisf
 .text          0x0000000008000ce4      0x2a0 c:/st/stm32cubeide_1.9.0/stm32cubeide/plugins/com.st.stm32cube.ide.mcu.externaltools.gnu-tools-for-stm32.10.3-2021.10.win32_1.0.100.202210260954/tools/bin/../lib/gcc/arm-none-eabi/10.3.1/thumb/v7-m/nofp\libgcc.a(_arm_muldivsf3.o)
                0x0000000008000ce4                __mulsf3
                0x0000000008000ce4                __aeabi_fmul
                0x0000000008000e4c                __aeabi_fdiv
                0x0000000008000e4c                __divsf3
 .text          0x0000000008000f84       0xec c:/st/stm32cubeide_1.9.0/stm32cubeide/plugins/com.st.stm32cube.ide.mcu.externaltools.gnu-tools-for-stm32.10.3-2021.10.win32_1.0.100.202210260954/tools/bin/../lib/gcc/arm-none-eabi/10.3.1/thumb/v7-m/nofp\libgcc.a(_arm_cmpsf2.o)
                0x0000000008000f84                __gesf2
                0x0000000008000f84                __gtsf2
                0x0000000008000f8c                __lesf2
                0x0000000008000f8c                __ltsf2
                0x0000000008000f94                __nesf2
                0x0000000008000f94                __eqsf2
                0x0000000008000f94                __cmpsf2
                0x0000000008000ff4                __aeabi_cfrcmple
                0x0000000008000ffc                __aeabi_cfcmpeq
                0x0000000008000ffc                __aeabi_cfcmple
                0x000000000800100c                __aeabi_fcmpeq
                0x0000000008001020                __aeabi_fcmplt
                0x0000000008001034                __aeabi_fcmple
                0x0000000008001048                __aeabi_fcmpge
                0x000000000800105c                __aeabi_fcmpgt
 .text          0x0000000008001070       0x4c c:/st/stm32cubeide_1.9.0/stm32cubeide/plugins/com.st.stm32cube.ide.mcu.externaltools.gnu-tools-for-stm32.10.3-2021.10.win32_1.0.100.202210260954/tools/bin/../lib/gcc/arm-none-eabi/10.3.1/thumb/v7-m/nofp\libgcc.a(_arm_fixsfsi.o)
                0x0000000008001070                __aeabi_f2iz
                0x0000000008001070                __fixsfsi
 .text          0x00000000080010bc       0x40 c:/st/stm32cubeide_1.9.0/stm32cubeide/plugins/com.st.stm32cube.ide.mcu.externaltools.gnu-tools-for-stm32.10.3-2021.10.win32_1.0.100.202210260954/tools/bin/../lib/gcc/arm-none-eabi/10.3.1/thumb/v7-m/nofp\libgcc.a(_arm_fixunssfsi.o)
                0x00000000080010bc                __fixunssfsi
                0x00000000080010bc                __aeabi_f2uiz
 *(.text*)
 .text.constrain
                0x00000000080010fc       0x34 ./Core/Src/MPU9250-DMP.o
                0x00000000080010fc                constrain
 .text.MPU9250_begin
                0x0000000008001130       0x50 ./Core/Src/MPU9250-DMP.o
                0x0000000008001130                MPU9250_begin
 .text.MPU9250_getGyroSens
                0x0000000008001180       0x24 ./Core/Src/MPU9250-DMP.o
                0x0000000008001180                MPU9250_getGyroSens
 .text.MPU9250_getAccelSens
                0x00000000080011a4       0x22 ./Core/Src/MPU9250-DMP.o
                0x00000000080011a4                MPU9250_getAccelSens
 .text.MPU9250_fifoAvailable
                0x00000000080011c6       0x46 ./Core/Src/MPU9250-DMP.o
                0x00000000080011c6                MPU9250_fifoAvailable
 .text.MPU9250_setSensors
                0x000000000800120c       0x1c ./Core/Src/MPU9250-DMP.o
                0x000000000800120c                MPU9250_setSensors
 .text.MPU9250_dmpBegin
                0x0000000008001228       0xa6 ./Core/Src/MPU9250-DMP.o
                0x0000000008001228                MPU9250_dmpBegin
 .text.MPU9250_dmpLoad
                0x00000000080012ce        0xe ./Core/Src/MPU9250-DMP.o
                0x00000000080012ce                MPU9250_dmpLoad
 .text.MPU9250_dmpSetFifoRate
                0x00000000080012dc       0x26 ./Core/Src/MPU9250-DMP.o
                0x00000000080012dc                MPU9250_dmpSetFifoRate
 *fill*         0x0000000008001302        0x2 
 .text.MPU9250_dmpUpdateFifo
                0x0000000008001304      0x104 ./Core/Src/MPU9250-DMP.o
                0x0000000008001304                MPU9250_dmpUpdateFifo
 .text.MPU9250_dmpEnableFeatures
                0x0000000008001408       0x30 ./Core/Src/MPU9250-DMP.o
                0x0000000008001408                MPU9250_dmpEnableFeatures
 .text.MPU9250_qToFloat
                0x0000000008001438       0x80 ./Core/Src/MPU9250-DMP.o
                0x0000000008001438                MPU9250_qToFloat
 .text.MPU9250_computeEulerAngles
                0x00000000080014b8      0x310 ./Core/Src/MPU9250-DMP.o
                0x00000000080014b8                MPU9250_computeEulerAngles
 .text.reg_int_cb
                0x00000000080017c8       0x14 ./Core/Src/inv_mpu.o
 .text.min      0x00000000080017dc       0x1e ./Core/Src/inv_mpu.o
                0x00000000080017dc                min
 *fill*         0x00000000080017fa        0x2 
 .text.set_int_enable
                0x00000000080017fc       0xb4 ./Core/Src/inv_mpu.o
                0x00000000080017fc                set_int_enable
 .text.mpu_read_reg
                0x00000000080018b0       0x5c ./Core/Src/inv_mpu.o
                0x00000000080018b0                mpu_read_reg
 .text.mpu_init
                0x000000000800190c      0x194 ./Core/Src/inv_mpu.o
                0x000000000800190c                mpu_init
 .text.mpu_lp_accel_mode
                0x0000000008001aa0      0x13c ./Core/Src/inv_mpu.o
                0x0000000008001aa0                mpu_lp_accel_mode
 .text.mpu_reset_fifo
                0x0000000008001bdc      0x208 ./Core/Src/inv_mpu.o
                0x0000000008001bdc                mpu_reset_fifo
 .text.mpu_set_gyro_fsr
                0x0000000008001de4       0xa8 ./Core/Src/inv_mpu.o
                0x0000000008001de4                mpu_set_gyro_fsr
 .text.mpu_get_accel_fsr
                0x0000000008001e8c       0x74 ./Core/Src/inv_mpu.o
                0x0000000008001e8c                mpu_get_accel_fsr
 .text.mpu_set_accel_fsr
                0x0000000008001f00       0xd0 ./Core/Src/inv_mpu.o
                0x0000000008001f00                mpu_set_accel_fsr
 .text.mpu_set_lpf
                0x0000000008001fd0       0x9c ./Core/Src/inv_mpu.o
                0x0000000008001fd0                mpu_set_lpf
 .text.mpu_set_sample_rate
                0x000000000800206c       0xe0 ./Core/Src/inv_mpu.o
                0x000000000800206c                mpu_set_sample_rate
 .text.mpu_set_compass_sample_rate
                0x000000000800214c       0x80 ./Core/Src/inv_mpu.o
                0x000000000800214c                mpu_set_compass_sample_rate
 .text.mpu_get_gyro_sens
                0x00000000080021cc       0x70 ./Core/Src/inv_mpu.o
                0x00000000080021cc                mpu_get_gyro_sens
 .text.mpu_get_accel_sens
                0x000000000800223c       0x7c ./Core/Src/inv_mpu.o
                0x000000000800223c                mpu_get_accel_sens
 .text.mpu_configure_fifo
                0x00000000080022b8       0xa4 ./Core/Src/inv_mpu.o
                0x00000000080022b8                mpu_configure_fifo
 .text.mpu_set_sensors
                0x000000000800235c      0x1bc ./Core/Src/inv_mpu.o
                0x000000000800235c                mpu_set_sensors
 .text.mpu_read_fifo_stream
                0x0000000008002518       0xfc ./Core/Src/inv_mpu.o
                0x0000000008002518                mpu_read_fifo_stream
 .text.mpu_set_bypass
                0x0000000008002614      0x18c ./Core/Src/inv_mpu.o
                0x0000000008002614                mpu_set_bypass
 .text.mpu_set_int_latched
                0x00000000080027a0       0x88 ./Core/Src/inv_mpu.o
                0x00000000080027a0                mpu_set_int_latched
 .text.mpu_write_mem
                0x0000000008002828       0xa4 ./Core/Src/inv_mpu.o
                0x0000000008002828                mpu_write_mem
 .text.mpu_read_mem
                0x00000000080028cc       0xa4 ./Core/Src/inv_mpu.o
                0x00000000080028cc                mpu_read_mem
 .text.mpu_load_firmware
                0x0000000008002970      0x100 ./Core/Src/inv_mpu.o
                0x0000000008002970                mpu_load_firmware
 .text.mpu_set_dmp_state
                0x0000000008002a70       0xa8 ./Core/Src/inv_mpu.o
                0x0000000008002a70                mpu_set_dmp_state
 .text.setup_compass
                0x0000000008002b18      0x27c ./Core/Src/inv_mpu.o
 .text.dmp_load_motion_driver_firmware
                0x0000000008002d94       0x20 ./Core/Src/inv_mpu_dmp_motion_driver.o
                0x0000000008002d94                dmp_load_motion_driver_firmware
 .text.dmp_set_fifo_rate
                0x0000000008002db4       0x90 ./Core/Src/inv_mpu_dmp_motion_driver.o
                0x0000000008002db4                dmp_set_fifo_rate
 .text.dmp_set_tap_thresh
                0x0000000008002e44      0x254 ./Core/Src/inv_mpu_dmp_motion_driver.o
                0x0000000008002e44                dmp_set_tap_thresh
 .text.dmp_set_tap_axes
                0x0000000008003098       0x64 ./Core/Src/inv_mpu_dmp_motion_driver.o
                0x0000000008003098                dmp_set_tap_axes
 .text.dmp_set_tap_count
                0x00000000080030fc       0x42 ./Core/Src/inv_mpu_dmp_motion_driver.o
                0x00000000080030fc                dmp_set_tap_count
 *fill*         0x000000000800313e        0x2 
 .text.dmp_set_tap_time
                0x0000000008003140       0x44 ./Core/Src/inv_mpu_dmp_motion_driver.o
                0x0000000008003140                dmp_set_tap_time
 .text.dmp_set_tap_time_multi
                0x0000000008003184       0x44 ./Core/Src/inv_mpu_dmp_motion_driver.o
                0x0000000008003184                dmp_set_tap_time_multi
 .text.dmp_set_shake_reject_thresh
                0x00000000080031c8       0x60 ./Core/Src/inv_mpu_dmp_motion_driver.o
                0x00000000080031c8                dmp_set_shake_reject_thresh
 .text.dmp_set_shake_reject_time
                0x0000000008003228       0x44 ./Core/Src/inv_mpu_dmp_motion_driver.o
                0x0000000008003228                dmp_set_shake_reject_time
 .text.dmp_set_shake_reject_timeout
                0x000000000800326c       0x44 ./Core/Src/inv_mpu_dmp_motion_driver.o
                0x000000000800326c                dmp_set_shake_reject_timeout
 .text.dmp_enable_feature
                0x00000000080032b0      0x250 ./Core/Src/inv_mpu_dmp_motion_driver.o
                0x00000000080032b0                dmp_enable_feature
 .text.dmp_enable_gyro_cal
                0x0000000008003500       0x60 ./Core/Src/inv_mpu_dmp_motion_driver.o
                0x0000000008003500                dmp_enable_gyro_cal
 .text.dmp_enable_lp_quat
                0x0000000008003560       0x4e ./Core/Src/inv_mpu_dmp_motion_driver.o
                0x0000000008003560                dmp_enable_lp_quat
 .text.dmp_enable_6x_lp_quat
                0x00000000080035ae       0x4e ./Core/Src/inv_mpu_dmp_motion_driver.o
                0x00000000080035ae                dmp_enable_6x_lp_quat
 .text.decode_gesture
                0x00000000080035fc       0x88 ./Core/Src/inv_mpu_dmp_motion_driver.o
 .text.dmp_read_fifo
                0x0000000008003684      0x2d8 ./Core/Src/inv_mpu_dmp_motion_driver.o
                0x0000000008003684                dmp_read_fifo
 .text.HAL_UART_ErrorCallback
                0x000000000800395c      0x128 ./Core/Src/main.o
                0x000000000800395c                HAL_UART_ErrorCallback
 .text.HAL_UARTEx_RxEventCallback
                0x0000000008003a84       0x5c ./Core/Src/main.o
                0x0000000008003a84                HAL_UARTEx_RxEventCallback
 .text.HAL_CAN_RxFifo0MsgPendingCallback
                0x0000000008003ae0       0x38 ./Core/Src/main.o
                0x0000000008003ae0                HAL_CAN_RxFifo0MsgPendingCallback
 .text.HAL_CAN_ErrorCallback
                0x0000000008003b18       0x1c ./Core/Src/main.o
                0x0000000008003b18                HAL_CAN_ErrorCallback
 .text.CanMsgSend
                0x0000000008003b34       0x98 ./Core/Src/main.o
                0x0000000008003b34                CanMsgSend
 .text.Moving   0x0000000008003bcc      0x1b0 ./Core/Src/main.o
                0x0000000008003bcc                Moving
 .text.logic    0x0000000008003d7c      0x1fc ./Core/Src/main.o
                0x0000000008003d7c                logic
 .text.main     0x0000000008003f78      0x100 ./Core/Src/main.o
                0x0000000008003f78                main
 .text.SystemClock_Config
                0x0000000008004078       0x8a ./Core/Src/main.o
                0x0000000008004078                SystemClock_Config
 *fill*         0x0000000008004102        0x2 
 .text.MX_CAN_Init
                0x0000000008004104       0xd0 ./Core/Src/main.o
 .text.MX_I2C1_Init
                0x00000000080041d4       0x5c ./Core/Src/main.o
 .text.MX_USART1_UART_Init
                0x0000000008004230       0x54 ./Core/Src/main.o
 .text.MX_DMA_Init
                0x0000000008004284       0x3c ./Core/Src/main.o
 .text.MX_GPIO_Init
                0x00000000080042c0      0x110 ./Core/Src/main.o
 .text.Error_Handler
                0x00000000080043d0        0xa ./Core/Src/main.o
                0x00000000080043d0                Error_Handler
 .text.stm32_get_clock_ms
                0x00000000080043da       0x1c ./Core/Src/stm32_mpu9250_clk.o
                0x00000000080043da                stm32_get_clock_ms
 .text.stm32_delay_ms
                0x00000000080043f6       0x18 ./Core/Src/stm32_mpu9250_clk.o
                0x00000000080043f6                stm32_delay_ms
 .text.wait_for_gpio_state_timeout
                0x000000000800440e       0x66 ./Core/Src/stm32_mpu9250_i2c.o
 .text.I2C_ClearBusyFlagErratum
                0x0000000008004474      0x138 ./Core/Src/stm32_mpu9250_i2c.o
 .text.stm32_i2c_write
                0x00000000080045ac       0xd4 ./Core/Src/stm32_mpu9250_i2c.o
                0x00000000080045ac                stm32_i2c_write
 .text.stm32_i2c_read
                0x0000000008004680       0x78 ./Core/Src/stm32_mpu9250_i2c.o
                0x0000000008004680                stm32_i2c_read
 .text.HAL_MspInit
                0x00000000080046f8       0x64 ./Core/Src/stm32f1xx_hal_msp.o
                0x00000000080046f8                HAL_MspInit
 .text.HAL_CAN_MspInit
                0x000000000800475c       0xe0 ./Core/Src/stm32f1xx_hal_msp.o
                0x000000000800475c                HAL_CAN_MspInit
 .text.HAL_I2C_MspInit
                0x000000000800483c       0x7c ./Core/Src/stm32f1xx_hal_msp.o
                0x000000000800483c                HAL_I2C_MspInit
 .text.HAL_I2C_MspDeInit
                0x00000000080048b8       0x44 ./Core/Src/stm32f1xx_hal_msp.o
                0x00000000080048b8                HAL_I2C_MspDeInit
 .text.HAL_UART_MspInit
                0x00000000080048fc       0xfc ./Core/Src/stm32f1xx_hal_msp.o
                0x00000000080048fc                HAL_UART_MspInit
 .text.NMI_Handler
                0x00000000080049f8        0x6 ./Core/Src/stm32f1xx_it.o
                0x00000000080049f8                NMI_Handler
 .text.HardFault_Handler
                0x00000000080049fe        0x6 ./Core/Src/stm32f1xx_it.o
                0x00000000080049fe                HardFault_Handler
 .text.MemManage_Handler
                0x0000000008004a04        0x6 ./Core/Src/stm32f1xx_it.o
                0x0000000008004a04                MemManage_Handler
 .text.BusFault_Handler
                0x0000000008004a0a        0x6 ./Core/Src/stm32f1xx_it.o
                0x0000000008004a0a                BusFault_Handler
 .text.UsageFault_Handler
                0x0000000008004a10        0x6 ./Core/Src/stm32f1xx_it.o
                0x0000000008004a10                UsageFault_Handler
 .text.SVC_Handler
                0x0000000008004a16        0xc ./Core/Src/stm32f1xx_it.o
                0x0000000008004a16                SVC_Handler
 .text.DebugMon_Handler
                0x0000000008004a22        0xc ./Core/Src/stm32f1xx_it.o
                0x0000000008004a22                DebugMon_Handler
 .text.PendSV_Handler
                0x0000000008004a2e        0xc ./Core/Src/stm32f1xx_it.o
                0x0000000008004a2e                PendSV_Handler
 .text.SysTick_Handler
                0x0000000008004a3a        0xc ./Core/Src/stm32f1xx_it.o
                0x0000000008004a3a                SysTick_Handler
 *fill*         0x0000000008004a46        0x2 
 .text.DMA1_Channel5_IRQHandler
                0x0000000008004a48       0x14 ./Core/Src/stm32f1xx_it.o
                0x0000000008004a48                DMA1_Channel5_IRQHandler
 .text.USB_LP_CAN1_RX0_IRQHandler
                0x0000000008004a5c       0x14 ./Core/Src/stm32f1xx_it.o
                0x0000000008004a5c                USB_LP_CAN1_RX0_IRQHandler
 .text.CAN1_SCE_IRQHandler
                0x0000000008004a70       0x14 ./Core/Src/stm32f1xx_it.o
                0x0000000008004a70                CAN1_SCE_IRQHandler
 .text.USART1_IRQHandler
                0x0000000008004a84       0x14 ./Core/Src/stm32f1xx_it.o
                0x0000000008004a84                USART1_IRQHandler
 .text._getpid  0x0000000008004a98        0xe ./Core/Src/syscalls.o
                0x0000000008004a98                _getpid
 .text._kill    0x0000000008004aa6       0x20 ./Core/Src/syscalls.o
                0x0000000008004aa6                _kill
 .text._exit    0x0000000008004ac6       0x14 ./Core/Src/syscalls.o
                0x0000000008004ac6                _exit
 .text._read    0x0000000008004ada       0x3a ./Core/Src/syscalls.o
                0x0000000008004ada                _read
 .text._write   0x0000000008004b14       0x38 ./Core/Src/syscalls.o
                0x0000000008004b14                _write
 .text._close   0x0000000008004b4c       0x16 ./Core/Src/syscalls.o
                0x0000000008004b4c                _close
 .text._fstat   0x0000000008004b62       0x1e ./Core/Src/syscalls.o
                0x0000000008004b62                _fstat
 .text._isatty  0x0000000008004b80       0x14 ./Core/Src/syscalls.o
                0x0000000008004b80                _isatty
 .text._lseek   0x0000000008004b94       0x18 ./Core/Src/syscalls.o
                0x0000000008004b94                _lseek
 .text._sbrk    0x0000000008004bac       0x6c ./Core/Src/sysmem.o
                0x0000000008004bac                _sbrk
 .text.SystemInit
                0x0000000008004c18        0xc ./Core/Src/system_stm32f1xx.o
                0x0000000008004c18                SystemInit
 .text.Reset_Handler
                0x0000000008004c24       0x48 ./Core/Startup/startup_stm32f103c8tx.o
                0x0000000008004c24                Reset_Handler
 .text.Default_Handler
                0x0000000008004c6c        0x2 ./Core/Startup/startup_stm32f103c8tx.o
                0x0000000008004c6c                RTC_Alarm_IRQHandler
                0x0000000008004c6c                EXTI2_IRQHandler
                0x0000000008004c6c                TIM1_CC_IRQHandler
                0x0000000008004c6c                PVD_IRQHandler
                0x0000000008004c6c                EXTI3_IRQHandler
                0x0000000008004c6c                EXTI0_IRQHandler
                0x0000000008004c6c                I2C2_EV_IRQHandler
                0x0000000008004c6c                ADC1_2_IRQHandler
                0x0000000008004c6c                SPI1_IRQHandler
                0x0000000008004c6c                TAMPER_IRQHandler
                0x0000000008004c6c                DMA1_Channel4_IRQHandler
                0x0000000008004c6c                USART3_IRQHandler
                0x0000000008004c6c                RTC_IRQHandler
                0x0000000008004c6c                DMA1_Channel7_IRQHandler
                0x0000000008004c6c                CAN1_RX1_IRQHandler
                0x0000000008004c6c                TIM4_IRQHandler
                0x0000000008004c6c                I2C1_EV_IRQHandler
                0x0000000008004c6c                DMA1_Channel6_IRQHandler
                0x0000000008004c6c                TIM3_IRQHandler
                0x0000000008004c6c                RCC_IRQHandler
                0x0000000008004c6c                TIM1_TRG_COM_IRQHandler
                0x0000000008004c6c                DMA1_Channel1_IRQHandler
                0x0000000008004c6c                Default_Handler
                0x0000000008004c6c                EXTI15_10_IRQHandler
                0x0000000008004c6c                EXTI9_5_IRQHandler
                0x0000000008004c6c                SPI2_IRQHandler
                0x0000000008004c6c                EXTI4_IRQHandler
                0x0000000008004c6c                USB_HP_CAN1_TX_IRQHandler
                0x0000000008004c6c                DMA1_Channel3_IRQHandler
                0x0000000008004c6c                TIM1_UP_IRQHandler
                0x0000000008004c6c                WWDG_IRQHandler
                0x0000000008004c6c                TIM2_IRQHandler
                0x0000000008004c6c                TIM1_BRK_IRQHandler
                0x0000000008004c6c                EXTI1_IRQHandler
                0x0000000008004c6c                USART2_IRQHandler
                0x0000000008004c6c                I2C2_ER_IRQHandler
                0x0000000008004c6c                DMA1_Channel2_IRQHandler
                0x0000000008004c6c                FLASH_IRQHandler
                0x0000000008004c6c                I2C1_ER_IRQHandler
                0x0000000008004c6c                USBWakeUp_IRQHandler
 *fill*         0x0000000008004c6e        0x2 
 .text.HAL_Init
                0x0000000008004c70       0x2c ./Drivers/STM32F1xx_HAL_Driver/Src/stm32f1xx_hal.o
                0x0000000008004c70                HAL_Init
 .text.HAL_InitTick
                0x0000000008004c9c       0x60 ./Drivers/STM32F1xx_HAL_Driver/Src/stm32f1xx_hal.o
                0x0000000008004c9c                HAL_InitTick
 .text.HAL_IncTick
                0x0000000008004cfc       0x24 ./Drivers/STM32F1xx_HAL_Driver/Src/stm32f1xx_hal.o
                0x0000000008004cfc                HAL_IncTick
 .text.HAL_GetTick
                0x0000000008004d20       0x14 ./Drivers/STM32F1xx_HAL_Driver/Src/stm32f1xx_hal.o
                0x0000000008004d20                HAL_GetTick
 .text.HAL_Delay
                0x0000000008004d34       0x48 ./Drivers/STM32F1xx_HAL_Driver/Src/stm32f1xx_hal.o
                0x0000000008004d34                HAL_Delay
 .text.HAL_CAN_Init
                0x0000000008004d7c      0x1f6 ./Drivers/STM32F1xx_HAL_Driver/Src/stm32f1xx_hal_can.o
                0x0000000008004d7c                HAL_CAN_Init
 .text.HAL_CAN_ConfigFilter
                0x0000000008004f72      0x192 ./Drivers/STM32F1xx_HAL_Driver/Src/stm32f1xx_hal_can.o
                0x0000000008004f72                HAL_CAN_ConfigFilter
 .text.HAL_CAN_Start
                0x0000000008005104       0x88 ./Drivers/STM32F1xx_HAL_Driver/Src/stm32f1xx_hal_can.o
                0x0000000008005104                HAL_CAN_Start
 .text.HAL_CAN_AddTxMessage
                0x000000000800518c      0x19e ./Drivers/STM32F1xx_HAL_Driver/Src/stm32f1xx_hal_can.o
                0x000000000800518c                HAL_CAN_AddTxMessage
 .text.HAL_CAN_GetTxMailboxesFreeLevel
                0x000000000800532a       0x68 ./Drivers/STM32F1xx_HAL_Driver/Src/stm32f1xx_hal_can.o
                0x000000000800532a                HAL_CAN_GetTxMailboxesFreeLevel
 .text.HAL_CAN_GetRxMessage
                0x0000000008005392      0x242 ./Drivers/STM32F1xx_HAL_Driver/Src/stm32f1xx_hal_can.o
                0x0000000008005392                HAL_CAN_GetRxMessage
 .text.HAL_CAN_ActivateNotification
                0x00000000080055d4       0x4a ./Drivers/STM32F1xx_HAL_Driver/Src/stm32f1xx_hal_can.o
                0x00000000080055d4                HAL_CAN_ActivateNotification
 .text.HAL_CAN_IRQHandler
                0x000000000800561e      0x36e ./Drivers/STM32F1xx_HAL_Driver/Src/stm32f1xx_hal_can.o
                0x000000000800561e                HAL_CAN_IRQHandler
 .text.HAL_CAN_TxMailbox0CompleteCallback
                0x000000000800598c       0x12 ./Drivers/STM32F1xx_HAL_Driver/Src/stm32f1xx_hal_can.o
                0x000000000800598c                HAL_CAN_TxMailbox0CompleteCallback
 .text.HAL_CAN_TxMailbox1CompleteCallback
                0x000000000800599e       0x12 ./Drivers/STM32F1xx_HAL_Driver/Src/stm32f1xx_hal_can.o
                0x000000000800599e                HAL_CAN_TxMailbox1CompleteCallback
 .text.HAL_CAN_TxMailbox2CompleteCallback
                0x00000000080059b0       0x12 ./Drivers/STM32F1xx_HAL_Driver/Src/stm32f1xx_hal_can.o
                0x00000000080059b0                HAL_CAN_TxMailbox2CompleteCallback
 .text.HAL_CAN_TxMailbox0AbortCallback
                0x00000000080059c2       0x12 ./Drivers/STM32F1xx_HAL_Driver/Src/stm32f1xx_hal_can.o
                0x00000000080059c2                HAL_CAN_TxMailbox0AbortCallback
 .text.HAL_CAN_TxMailbox1AbortCallback
                0x00000000080059d4       0x12 ./Drivers/STM32F1xx_HAL_Driver/Src/stm32f1xx_hal_can.o
                0x00000000080059d4                HAL_CAN_TxMailbox1AbortCallback
 .text.HAL_CAN_TxMailbox2AbortCallback
                0x00000000080059e6       0x12 ./Drivers/STM32F1xx_HAL_Driver/Src/stm32f1xx_hal_can.o
                0x00000000080059e6                HAL_CAN_TxMailbox2AbortCallback
 .text.HAL_CAN_RxFifo0FullCallback
                0x00000000080059f8       0x12 ./Drivers/STM32F1xx_HAL_Driver/Src/stm32f1xx_hal_can.o
                0x00000000080059f8                HAL_CAN_RxFifo0FullCallback
 .text.HAL_CAN_RxFifo1MsgPendingCallback
                0x0000000008005a0a       0x12 ./Drivers/STM32F1xx_HAL_Driver/Src/stm32f1xx_hal_can.o
                0x0000000008005a0a                HAL_CAN_RxFifo1MsgPendingCallback
 .text.HAL_CAN_RxFifo1FullCallback
                0x0000000008005a1c       0x12 ./Drivers/STM32F1xx_HAL_Driver/Src/stm32f1xx_hal_can.o
                0x0000000008005a1c                HAL_CAN_RxFifo1FullCallback
 .text.HAL_CAN_SleepCallback
                0x0000000008005a2e       0x12 ./Drivers/STM32F1xx_HAL_Driver/Src/stm32f1xx_hal_can.o
                0x0000000008005a2e                HAL_CAN_SleepCallback
 .text.HAL_CAN_WakeUpFromRxMsgCallback
                0x0000000008005a40       0x12 ./Drivers/STM32F1xx_HAL_Driver/Src/stm32f1xx_hal_can.o
                0x0000000008005a40                HAL_CAN_WakeUpFromRxMsgCallback
 *fill*         0x0000000008005a52        0x2 
 .text.__NVIC_SetPriorityGrouping
                0x0000000008005a54       0x48 ./Drivers/STM32F1xx_HAL_Driver/Src/stm32f1xx_hal_cortex.o
 .text.__NVIC_GetPriorityGrouping
                0x0000000008005a9c       0x1c ./Drivers/STM32F1xx_HAL_Driver/Src/stm32f1xx_hal_cortex.o
 .text.__NVIC_EnableIRQ
                0x0000000008005ab8       0x38 ./Drivers/STM32F1xx_HAL_Driver/Src/stm32f1xx_hal_cortex.o
 .text.__NVIC_SetPriority
                0x0000000008005af0       0x54 ./Drivers/STM32F1xx_HAL_Driver/Src/stm32f1xx_hal_cortex.o
 .text.NVIC_EncodePriority
                0x0000000008005b44       0x64 ./Drivers/STM32F1xx_HAL_Driver/Src/stm32f1xx_hal_cortex.o
 .text.SysTick_Config
                0x0000000008005ba8       0x44 ./Drivers/STM32F1xx_HAL_Driver/Src/stm32f1xx_hal_cortex.o
 .text.HAL_NVIC_SetPriorityGrouping
                0x0000000008005bec       0x16 ./Drivers/STM32F1xx_HAL_Driver/Src/stm32f1xx_hal_cortex.o
                0x0000000008005bec                HAL_NVIC_SetPriorityGrouping
 .text.HAL_NVIC_SetPriority
                0x0000000008005c02       0x38 ./Drivers/STM32F1xx_HAL_Driver/Src/stm32f1xx_hal_cortex.o
                0x0000000008005c02                HAL_NVIC_SetPriority
 .text.HAL_NVIC_EnableIRQ
                0x0000000008005c3a       0x1c ./Drivers/STM32F1xx_HAL_Driver/Src/stm32f1xx_hal_cortex.o
                0x0000000008005c3a                HAL_NVIC_EnableIRQ
 .text.HAL_SYSTICK_Config
                0x0000000008005c56       0x18 ./Drivers/STM32F1xx_HAL_Driver/Src/stm32f1xx_hal_cortex.o
                0x0000000008005c56                HAL_SYSTICK_Config
 *fill*         0x0000000008005c6e        0x2 
 .text.HAL_DMA_Init
                0x0000000008005c70       0xb4 ./Drivers/STM32F1xx_HAL_Driver/Src/stm32f1xx_hal_dma.o
                0x0000000008005c70                HAL_DMA_Init
 .text.HAL_DMA_Start_IT
                0x0000000008005d24       0xc0 ./Drivers/STM32F1xx_HAL_Driver/Src/stm32f1xx_hal_dma.o
                0x0000000008005d24                HAL_DMA_Start_IT
 .text.HAL_DMA_Abort
                0x0000000008005de4       0x76 ./Drivers/STM32F1xx_HAL_Driver/Src/stm32f1xx_hal_dma.o
                0x0000000008005de4                HAL_DMA_Abort
 *fill*         0x0000000008005e5a        0x2 
 .text.HAL_DMA_Abort_IT
                0x0000000008005e5c       0xf0 ./Drivers/STM32F1xx_HAL_Driver/Src/stm32f1xx_hal_dma.o
                0x0000000008005e5c                HAL_DMA_Abort_IT
 .text.HAL_DMA_IRQHandler
                0x0000000008005f4c      0x20c ./Drivers/STM32F1xx_HAL_Driver/Src/stm32f1xx_hal_dma.o
                0x0000000008005f4c                HAL_DMA_IRQHandler
 .text.DMA_SetConfig
                0x0000000008006158       0x5a ./Drivers/STM32F1xx_HAL_Driver/Src/stm32f1xx_hal_dma.o
 *fill*         0x00000000080061b2        0x2 
 .text.HAL_GPIO_Init
                0x00000000080061b4      0x308 ./Drivers/STM32F1xx_HAL_Driver/Src/stm32f1xx_hal_gpio.o
                0x00000000080061b4                HAL_GPIO_Init
 .text.HAL_GPIO_DeInit
                0x00000000080064bc      0x178 ./Drivers/STM32F1xx_HAL_Driver/Src/stm32f1xx_hal_gpio.o
                0x00000000080064bc                HAL_GPIO_DeInit
 .text.HAL_GPIO_ReadPin
                0x0000000008006634       0x2e ./Drivers/STM32F1xx_HAL_Driver/Src/stm32f1xx_hal_gpio.o
                0x0000000008006634                HAL_GPIO_ReadPin
 .text.HAL_GPIO_WritePin
                0x0000000008006662       0x30 ./Drivers/STM32F1xx_HAL_Driver/Src/stm32f1xx_hal_gpio.o
                0x0000000008006662                HAL_GPIO_WritePin
 *fill*         0x0000000008006692        0x2 
 .text.HAL_I2C_Init
                0x0000000008006694      0x288 ./Drivers/STM32F1xx_HAL_Driver/Src/stm32f1xx_hal_i2c.o
                0x0000000008006694                HAL_I2C_Init
 .text.HAL_I2C_DeInit
                0x000000000800691c       0x5e ./Drivers/STM32F1xx_HAL_Driver/Src/stm32f1xx_hal_i2c.o
                0x000000000800691c                HAL_I2C_DeInit
 *fill*         0x000000000800697a        0x2 
 .text.HAL_I2C_Master_Transmit
                0x000000000800697c      0x1fc ./Drivers/STM32F1xx_HAL_Driver/Src/stm32f1xx_hal_i2c.o
                0x000000000800697c                HAL_I2C_Master_Transmit
 .text.HAL_I2C_Master_Receive
                0x0000000008006b78      0x4d8 ./Drivers/STM32F1xx_HAL_Driver/Src/stm32f1xx_hal_i2c.o
                0x0000000008006b78                HAL_I2C_Master_Receive
 .text.I2C_MasterRequestWrite
                0x0000000008007050      0x104 ./Drivers/STM32F1xx_HAL_Driver/Src/stm32f1xx_hal_i2c.o
 .text.I2C_MasterRequestRead
                0x0000000008007154      0x19c ./Drivers/STM32F1xx_HAL_Driver/Src/stm32f1xx_hal_i2c.o
 .text.I2C_WaitOnFlagUntilTimeout
                0x00000000080072f0       0xf4 ./Drivers/STM32F1xx_HAL_Driver/Src/stm32f1xx_hal_i2c.o
 .text.I2C_WaitOnMasterAddressFlagUntilTimeout
                0x00000000080073e4      0x140 ./Drivers/STM32F1xx_HAL_Driver/Src/stm32f1xx_hal_i2c.o
 .text.I2C_WaitOnTXEFlagUntilTimeout
                0x0000000008007524       0x90 ./Drivers/STM32F1xx_HAL_Driver/Src/stm32f1xx_hal_i2c.o
 .text.I2C_WaitOnBTFFlagUntilTimeout
                0x00000000080075b4       0x90 ./Drivers/STM32F1xx_HAL_Driver/Src/stm32f1xx_hal_i2c.o
 .text.I2C_WaitOnRXNEFlagUntilTimeout
                0x0000000008007644       0xba ./Drivers/STM32F1xx_HAL_Driver/Src/stm32f1xx_hal_i2c.o
 .text.I2C_IsAcknowledgeFailed
                0x00000000080076fe       0x5c ./Drivers/STM32F1xx_HAL_Driver/Src/stm32f1xx_hal_i2c.o
 *fill*         0x000000000800775a        0x2 
 .text.HAL_RCC_OscConfig
                0x000000000800775c      0x504 ./Drivers/STM32F1xx_HAL_Driver/Src/stm32f1xx_hal_rcc.o
                0x000000000800775c                HAL_RCC_OscConfig
 .text.HAL_RCC_ClockConfig
                0x0000000008007c60      0x1d4 ./Drivers/STM32F1xx_HAL_Driver/Src/stm32f1xx_hal_rcc.o
                0x0000000008007c60                HAL_RCC_ClockConfig
 .text.HAL_RCC_GetSysClockFreq
                0x0000000008007e34       0xa8 ./Drivers/STM32F1xx_HAL_Driver/Src/stm32f1xx_hal_rcc.o
                0x0000000008007e34                HAL_RCC_GetSysClockFreq
 .text.HAL_RCC_GetHCLKFreq
                0x0000000008007edc       0x14 ./Drivers/STM32F1xx_HAL_Driver/Src/stm32f1xx_hal_rcc.o
                0x0000000008007edc                HAL_RCC_GetHCLKFreq
 .text.HAL_RCC_GetPCLK1Freq
                0x0000000008007ef0       0x28 ./Drivers/STM32F1xx_HAL_Driver/Src/stm32f1xx_hal_rcc.o
                0x0000000008007ef0                HAL_RCC_GetPCLK1Freq
 .text.HAL_RCC_GetPCLK2Freq
                0x0000000008007f18       0x28 ./Drivers/STM32F1xx_HAL_Driver/Src/stm32f1xx_hal_rcc.o
                0x0000000008007f18                HAL_RCC_GetPCLK2Freq
 .text.RCC_Delay
                0x0000000008007f40       0x3c ./Drivers/STM32F1xx_HAL_Driver/Src/stm32f1xx_hal_rcc.o
 .text.HAL_UART_Init
                0x0000000008007f7c       0xa0 ./Drivers/STM32F1xx_HAL_Driver/Src/stm32f1xx_hal_uart.o
                0x0000000008007f7c                HAL_UART_Init
 .text.HAL_UART_Transmit
                0x000000000800801c      0x106 ./Drivers/STM32F1xx_HAL_Driver/Src/stm32f1xx_hal_uart.o
                0x000000000800801c                HAL_UART_Transmit
 .text.HAL_UARTEx_ReceiveToIdle_DMA
                0x0000000008008122       0xba ./Drivers/STM32F1xx_HAL_Driver/Src/stm32f1xx_hal_uart.o
                0x0000000008008122                HAL_UARTEx_ReceiveToIdle_DMA
 .text.HAL_UART_IRQHandler
                0x00000000080081dc      0x524 ./Drivers/STM32F1xx_HAL_Driver/Src/stm32f1xx_hal_uart.o
                0x00000000080081dc                HAL_UART_IRQHandler
 .text.HAL_UART_TxCpltCallback
                0x0000000008008700       0x12 ./Drivers/STM32F1xx_HAL_Driver/Src/stm32f1xx_hal_uart.o
                0x0000000008008700                HAL_UART_TxCpltCallback
 .text.HAL_UART_RxCpltCallback
                0x0000000008008712       0x12 ./Drivers/STM32F1xx_HAL_Driver/Src/stm32f1xx_hal_uart.o
                0x0000000008008712                HAL_UART_RxCpltCallback
 .text.HAL_UART_RxHalfCpltCallback
                0x0000000008008724       0x12 ./Drivers/STM32F1xx_HAL_Driver/Src/stm32f1xx_hal_uart.o
                0x0000000008008724                HAL_UART_RxHalfCpltCallback
 .text.HAL_UART_GetError
                0x0000000008008736       0x16 ./Drivers/STM32F1xx_HAL_Driver/Src/stm32f1xx_hal_uart.o
                0x0000000008008736                HAL_UART_GetError
 .text.UART_DMAReceiveCplt
                0x000000000800874c      0x12c ./Drivers/STM32F1xx_HAL_Driver/Src/stm32f1xx_hal_uart.o
 .text.UART_DMARxHalfCplt
                0x0000000008008878       0x3c ./Drivers/STM32F1xx_HAL_Driver/Src/stm32f1xx_hal_uart.o
 .text.UART_DMAError
                0x00000000080088b4       0x94 ./Drivers/STM32F1xx_HAL_Driver/Src/stm32f1xx_hal_uart.o
 .text.UART_WaitOnFlagUntilTimeout
                0x0000000008008948       0xdc ./Drivers/STM32F1xx_HAL_Driver/Src/stm32f1xx_hal_uart.o
 .text.UART_Start_Receive_DMA
                0x0000000008008a24      0x134 ./Drivers/STM32F1xx_HAL_Driver/Src/stm32f1xx_hal_uart.o
                0x0000000008008a24                UART_Start_Receive_DMA
 .text.UART_EndTxTransfer
                0x0000000008008b58       0x4e ./Drivers/STM32F1xx_HAL_Driver/Src/stm32f1xx_hal_uart.o
 .text.UART_EndRxTransfer
                0x0000000008008ba6       0xc4 ./Drivers/STM32F1xx_HAL_Driver/Src/stm32f1xx_hal_uart.o
 .text.UART_DMAAbortOnError
                0x0000000008008c6a       0x28 ./Drivers/STM32F1xx_HAL_Driver/Src/stm32f1xx_hal_uart.o
 .text.UART_Transmit_IT
                0x0000000008008c92       0x9e ./Drivers/STM32F1xx_HAL_Driver/Src/stm32f1xx_hal_uart.o
 .text.UART_EndTransmit_IT
                0x0000000008008d30       0x30 ./Drivers/STM32F1xx_HAL_Driver/Src/stm32f1xx_hal_uart.o
 .text.UART_Receive_IT
                0x0000000008008d60      0x17c ./Drivers/STM32F1xx_HAL_Driver/Src/stm32f1xx_hal_uart.o
 .text.UART_SetConfig
                0x0000000008008edc      0x11c ./Drivers/STM32F1xx_HAL_Driver/Src/stm32f1xx_hal_uart.o
 .text.asin     0x0000000008008ff8       0x50 c:/st/stm32cubeide_1.9.0/stm32cubeide/plugins/com.st.stm32cube.ide.mcu.externaltools.gnu-tools-for-stm32.10.3-2021.10.win32_1.0.100.202210260954/tools/bin/../lib/gcc/arm-none-eabi/10.3.1/../../../../arm-none-eabi/lib/thumb/v7-m/nofp\libm.a(lib_a-w_asin.o)
                0x0000000008008ff8                asin
 .text.atan2    0x0000000008009048        0x4 c:/st/stm32cubeide_1.9.0/stm32cubeide/plugins/com.st.stm32cube.ide.mcu.externaltools.gnu-tools-for-stm32.10.3-2021.10.win32_1.0.100.202210260954/tools/bin/../lib/gcc/arm-none-eabi/10.3.1/../../../../arm-none-eabi/lib/thumb/v7-m/nofp\libm.a(lib_a-w_atan2.o)
                0x0000000008009048                atan2
 *fill*         0x000000000800904c        0x4 
 .text.__ieee754_asin
                0x0000000008009050      0x3f8 c:/st/stm32cubeide_1.9.0/stm32cubeide/plugins/com.st.stm32cube.ide.mcu.externaltools.gnu-tools-for-stm32.10.3-2021.10.win32_1.0.100.202210260954/tools/bin/../lib/gcc/arm-none-eabi/10.3.1/../../../../arm-none-eabi/lib/thumb/v7-m/nofp\libm.a(lib_a-e_asin.o)
                0x0000000008009050                __ieee754_asin
 .text.__ieee754_atan2
                0x0000000008009448      0x1a4 c:/st/stm32cubeide_1.9.0/stm32cubeide/plugins/com.st.stm32cube.ide.mcu.externaltools.gnu-tools-for-stm32.10.3-2021.10.win32_1.0.100.202210260954/tools/bin/../lib/gcc/arm-none-eabi/10.3.1/../../../../arm-none-eabi/lib/thumb/v7-m/nofp\libm.a(lib_a-e_atan2.o)
                0x0000000008009448                __ieee754_atan2
 .text.__ieee754_sqrt
                0x00000000080095ec      0x160 c:/st/stm32cubeide_1.9.0/stm32cubeide/plugins/com.st.stm32cube.ide.mcu.externaltools.gnu-tools-for-stm32.10.3-2021.10.win32_1.0.100.202210260954/tools/bin/../lib/gcc/arm-none-eabi/10.3.1/../../../../arm-none-eabi/lib/thumb/v7-m/nofp\libm.a(lib_a-e_sqrt.o)
                0x00000000080095ec                __ieee754_sqrt
 *fill*         0x000000000800974c        0x4 
 .text.atan     0x0000000008009750      0x314 c:/st/stm32cubeide_1.9.0/stm32cubeide/plugins/com.st.stm32cube.ide.mcu.externaltools.gnu-tools-for-stm32.10.3-2021.10.win32_1.0.100.202210260954/tools/bin/../lib/gcc/arm-none-eabi/10.3.1/../../../../arm-none-eabi/lib/thumb/v7-m/nofp\libm.a(lib_a-s_atan.o)
                0x0000000008009750                atan
 .text.fabs     0x0000000008009a64        0x6 c:/st/stm32cubeide_1.9.0/stm32cubeide/plugins/com.st.stm32cube.ide.mcu.externaltools.gnu-tools-for-stm32.10.3-2021.10.win32_1.0.100.202210260954/tools/bin/../lib/gcc/arm-none-eabi/10.3.1/../../../../arm-none-eabi/lib/thumb/v7-m/nofp\libm.a(lib_a-s_fabs.o)
                0x0000000008009a64                fabs
 *fill*         0x0000000008009a6a        0x2 
 .text.nan      0x0000000008009a6c        0xc c:/st/stm32cubeide_1.9.0/stm32cubeide/plugins/com.st.stm32cube.ide.mcu.externaltools.gnu-tools-for-stm32.10.3-2021.10.win32_1.0.100.202210260954/tools/bin/../lib/gcc/arm-none-eabi/10.3.1/../../../../arm-none-eabi/lib/thumb/v7-m/nofp\libm.a(lib_a-s_nan.o)
                0x0000000008009a6c                nan
 .text.__errno  0x0000000008009a78        0xc c:/st/stm32cubeide_1.9.0/stm32cubeide/plugins/com.st.stm32cube.ide.mcu.externaltools.gnu-tools-for-stm32.10.3-2021.10.win32_1.0.100.202210260954/tools/bin/../lib/gcc/arm-none-eabi/10.3.1/../../../../arm-none-eabi/lib/thumb/v7-m/nofp\libc_nano.a(lib_a-errno.o)
                0x0000000008009a78                __errno
 .text.__libc_init_array
                0x0000000008009a84       0x48 c:/st/stm32cubeide_1.9.0/stm32cubeide/plugins/com.st.stm32cube.ide.mcu.externaltools.gnu-tools-for-stm32.10.3-2021.10.win32_1.0.100.202210260954/tools/bin/../lib/gcc/arm-none-eabi/10.3.1/../../../../arm-none-eabi/lib/thumb/v7-m/nofp\libc_nano.a(lib_a-init.o)
                0x0000000008009a84                __libc_init_array
 .text.memcmp   0x0000000008009acc       0x20 c:/st/stm32cubeide_1.9.0/stm32cubeide/plugins/com.st.stm32cube.ide.mcu.externaltools.gnu-tools-for-stm32.10.3-2021.10.win32_1.0.100.202210260954/tools/bin/../lib/gcc/arm-none-eabi/10.3.1/../../../../arm-none-eabi/lib/thumb/v7-m/nofp\libc_nano.a(lib_a-memcmp.o)
                0x0000000008009acc                memcmp
 .text.memset   0x0000000008009aec       0x10 c:/st/stm32cubeide_1.9.0/stm32cubeide/plugins/com.st.stm32cube.ide.mcu.externaltools.gnu-tools-for-stm32.10.3-2021.10.win32_1.0.100.202210260954/tools/bin/../lib/gcc/arm-none-eabi/10.3.1/../../../../arm-none-eabi/lib/thumb/v7-m/nofp\libc_nano.a(lib_a-memset.o)
                0x0000000008009aec                memset
 .text.rand     0x0000000008009afc       0x7c c:/st/stm32cubeide_1.9.0/stm32cubeide/plugins/com.st.stm32cube.ide.mcu.externaltools.gnu-tools-for-stm32.10.3-2021.10.win32_1.0.100.202210260954/tools/bin/../lib/gcc/arm-none-eabi/10.3.1/../../../../arm-none-eabi/lib/thumb/v7-m/nofp\libc_nano.a(lib_a-rand.o)
                0x0000000008009afc                rand
 .text.__assert_func
                0x0000000008009b78       0x3c c:/st/stm32cubeide_1.9.0/stm32cubeide/plugins/com.st.stm32cube.ide.mcu.externaltools.gnu-tools-for-stm32.10.3-2021.10.win32_1.0.100.202210260954/tools/bin/../lib/gcc/arm-none-eabi/10.3.1/../../../../arm-none-eabi/lib/thumb/v7-m/nofp\libc_nano.a(lib_a-assert.o)
                0x0000000008009b78                __assert_func
 .text.fprintf  0x0000000008009bb4       0x24 c:/st/stm32cubeide_1.9.0/stm32cubeide/plugins/com.st.stm32cube.ide.mcu.externaltools.gnu-tools-for-stm32.10.3-2021.10.win32_1.0.100.202210260954/tools/bin/../lib/gcc/arm-none-eabi/10.3.1/../../../../arm-none-eabi/lib/thumb/v7-m/nofp\libc_nano.a(lib_a-fprintf.o)
                0x0000000008009bb4                fiprintf
                0x0000000008009bb4                fprintf
 .text.malloc   0x0000000008009bd8       0x10 c:/st/stm32cubeide_1.9.0/stm32cubeide/plugins/com.st.stm32cube.ide.mcu.externaltools.gnu-tools-for-stm32.10.3-2021.10.win32_1.0.100.202210260954/tools/bin/../lib/gcc/arm-none-eabi/10.3.1/../../../../arm-none-eabi/lib/thumb/v7-m/nofp\libc_nano.a(lib_a-malloc.o)
                0x0000000008009bd8                malloc
 .text._free_r  0x0000000008009be8       0x90 c:/st/stm32cubeide_1.9.0/stm32cubeide/plugins/com.st.stm32cube.ide.mcu.externaltools.gnu-tools-for-stm32.10.3-2021.10.win32_1.0.100.202210260954/tools/bin/../lib/gcc/arm-none-eabi/10.3.1/../../../../arm-none-eabi/lib/thumb/v7-m/nofp\libc_nano.a(lib_a-nano-freer.o)
                0x0000000008009be8                _free_r
 .text.sbrk_aligned
                0x0000000008009c78       0x40 c:/st/stm32cubeide_1.9.0/stm32cubeide/plugins/com.st.stm32cube.ide.mcu.externaltools.gnu-tools-for-stm32.10.3-2021.10.win32_1.0.100.202210260954/tools/bin/../lib/gcc/arm-none-eabi/10.3.1/../../../../arm-none-eabi/lib/thumb/v7-m/nofp\libc_nano.a(lib_a-nano-mallocr.o)
 .text._malloc_r
                0x0000000008009cb8       0xe8 c:/st/stm32cubeide_1.9.0/stm32cubeide/plugins/com.st.stm32cube.ide.mcu.externaltools.gnu-tools-for-stm32.10.3-2021.10.win32_1.0.100.202210260954/tools/bin/../lib/gcc/arm-none-eabi/10.3.1/../../../../arm-none-eabi/lib/thumb/v7-m/nofp\libc_nano.a(lib_a-nano-mallocr.o)
                0x0000000008009cb8                _malloc_r
 .text.__sfputc_r
                0x0000000008009da0       0x2a c:/st/stm32cubeide_1.9.0/stm32cubeide/plugins/com.st.stm32cube.ide.mcu.externaltools.gnu-tools-for-stm32.10.3-2021.10.win32_1.0.100.202210260954/tools/bin/../lib/gcc/arm-none-eabi/10.3.1/../../../../arm-none-eabi/lib/thumb/v7-m/nofp\libc_nano.a(lib_a-nano-vfprintf.o)
 .text.__sfputs_r
                0x0000000008009dca       0x24 c:/st/stm32cubeide_1.9.0/stm32cubeide/plugins/com.st.stm32cube.ide.mcu.externaltools.gnu-tools-for-stm32.10.3-2021.10.win32_1.0.100.202210260954/tools/bin/../lib/gcc/arm-none-eabi/10.3.1/../../../../arm-none-eabi/lib/thumb/v7-m/nofp\libc_nano.a(lib_a-nano-vfprintf.o)
                0x0000000008009dca                __sfputs_r
 *fill*         0x0000000008009dee        0x2 
 .text._vfprintf_r
                0x0000000008009df0      0x260 c:/st/stm32cubeide_1.9.0/stm32cubeide/plugins/com.st.stm32cube.ide.mcu.externaltools.gnu-tools-for-stm32.10.3-2021.10.win32_1.0.100.202210260954/tools/bin/../lib/gcc/arm-none-eabi/10.3.1/../../../../arm-none-eabi/lib/thumb/v7-m/nofp\libc_nano.a(lib_a-nano-vfprintf.o)
                0x0000000008009df0                _vfprintf_r
                0x0000000008009df0                _vfiprintf_r
 .text._printf_common
                0x000000000800a050       0xde c:/st/stm32cubeide_1.9.0/stm32cubeide/plugins/com.st.stm32cube.ide.mcu.externaltools.gnu-tools-for-stm32.10.3-2021.10.win32_1.0.100.202210260954/tools/bin/../lib/gcc/arm-none-eabi/10.3.1/../../../../arm-none-eabi/lib/thumb/v7-m/nofp\libc_nano.a(lib_a-nano-vfprintf_i.o)
                0x000000000800a050                _printf_common
 *fill*         0x000000000800a12e        0x2 
 .text._printf_i
                0x000000000800a130      0x24c c:/st/stm32cubeide_1.9.0/stm32cubeide/plugins/com.st.stm32cube.ide.mcu.externaltools.gnu-tools-for-stm32.10.3-2021.10.win32_1.0.100.202210260954/tools/bin/../lib/gcc/arm-none-eabi/10.3.1/../../../../arm-none-eabi/lib/thumb/v7-m/nofp\libc_nano.a(lib_a-nano-vfprintf_i.o)
                0x000000000800a130                _printf_i
 .text._sbrk_r  0x000000000800a37c       0x20 c:/st/stm32cubeide_1.9.0/stm32cubeide/plugins/com.st.stm32cube.ide.mcu.externaltools.gnu-tools-for-stm32.10.3-2021.10.win32_1.0.100.202210260954/tools/bin/../lib/gcc/arm-none-eabi/10.3.1/../../../../arm-none-eabi/lib/thumb/v7-m/nofp\libc_nano.a(lib_a-sbrkr.o)
                0x000000000800a37c                _sbrk_r
 .text.__swbuf_r
                0x000000000800a39c       0xa4 c:/st/stm32cubeide_1.9.0/stm32cubeide/plugins/com.st.stm32cube.ide.mcu.externaltools.gnu-tools-for-stm32.10.3-2021.10.win32_1.0.100.202210260954/tools/bin/../lib/gcc/arm-none-eabi/10.3.1/../../../../arm-none-eabi/lib/thumb/v7-m/nofp\libc_nano.a(lib_a-wbuf.o)
                0x000000000800a39c                __swbuf_r
 .text.__swsetup_r
                0x000000000800a440       0xdc c:/st/stm32cubeide_1.9.0/stm32cubeide/plugins/com.st.stm32cube.ide.mcu.externaltools.gnu-tools-for-stm32.10.3-2021.10.win32_1.0.100.202210260954/tools/bin/../lib/gcc/arm-none-eabi/10.3.1/../../../../arm-none-eabi/lib/thumb/v7-m/nofp\libc_nano.a(lib_a-wsetup.o)
                0x000000000800a440                __swsetup_r
 .text.abort    0x000000000800a51c        0xe c:/st/stm32cubeide_1.9.0/stm32cubeide/plugins/com.st.stm32cube.ide.mcu.externaltools.gnu-tools-for-stm32.10.3-2021.10.win32_1.0.100.202210260954/tools/bin/../lib/gcc/arm-none-eabi/10.3.1/../../../../arm-none-eabi/lib/thumb/v7-m/nofp\libc_nano.a(lib_a-abort.o)
                0x000000000800a51c                abort
 *fill*         0x000000000800a52a        0x2 
 .text.__sflush_r
                0x000000000800a52c      0x104 c:/st/stm32cubeide_1.9.0/stm32cubeide/plugins/com.st.stm32cube.ide.mcu.externaltools.gnu-tools-for-stm32.10.3-2021.10.win32_1.0.100.202210260954/tools/bin/../lib/gcc/arm-none-eabi/10.3.1/../../../../arm-none-eabi/lib/thumb/v7-m/nofp\libc_nano.a(lib_a-fflush.o)
                0x000000000800a52c                __sflush_r
 .text._fflush_r
                0x000000000800a630       0x78 c:/st/stm32cubeide_1.9.0/stm32cubeide/plugins/com.st.stm32cube.ide.mcu.externaltools.gnu-tools-for-stm32.10.3-2021.10.win32_1.0.100.202210260954/tools/bin/../lib/gcc/arm-none-eabi/10.3.1/../../../../arm-none-eabi/lib/thumb/v7-m/nofp\libc_nano.a(lib_a-fflush.o)
                0x000000000800a630                _fflush_r
 .text.std      0x000000000800a6a8       0x48 c:/st/stm32cubeide_1.9.0/stm32cubeide/plugins/com.st.stm32cube.ide.mcu.externaltools.gnu-tools-for-stm32.10.3-2021.10.win32_1.0.100.202210260954/tools/bin/../lib/gcc/arm-none-eabi/10.3.1/../../../../arm-none-eabi/lib/thumb/v7-m/nofp\libc_nano.a(lib_a-findfp.o)
 .text._cleanup_r
                0x000000000800a6f0        0xc c:/st/stm32cubeide_1.9.0/stm32cubeide/plugins/com.st.stm32cube.ide.mcu.externaltools.gnu-tools-for-stm32.10.3-2021.10.win32_1.0.100.202210260954/tools/bin/../lib/gcc/arm-none-eabi/10.3.1/../../../../arm-none-eabi/lib/thumb/v7-m/nofp\libc_nano.a(lib_a-findfp.o)
                0x000000000800a6f0                _cleanup_r
 .text.__sfmoreglue
                0x000000000800a6fc       0x2c c:/st/stm32cubeide_1.9.0/stm32cubeide/plugins/com.st.stm32cube.ide.mcu.externaltools.gnu-tools-for-stm32.10.3-2021.10.win32_1.0.100.202210260954/tools/bin/../lib/gcc/arm-none-eabi/10.3.1/../../../../arm-none-eabi/lib/thumb/v7-m/nofp\libc_nano.a(lib_a-findfp.o)
                0x000000000800a6fc                __sfmoreglue
 .text.__sfp_lock_acquire
                0x000000000800a728        0xc c:/st/stm32cubeide_1.9.0/stm32cubeide/plugins/com.st.stm32cube.ide.mcu.externaltools.gnu-tools-for-stm32.10.3-2021.10.win32_1.0.100.202210260954/tools/bin/../lib/gcc/arm-none-eabi/10.3.1/../../../../arm-none-eabi/lib/thumb/v7-m/nofp\libc_nano.a(lib_a-findfp.o)
                0x000000000800a728                __sfp_lock_acquire
 .text.__sfp_lock_release
                0x000000000800a734        0xc c:/st/stm32cubeide_1.9.0/stm32cubeide/plugins/com.st.stm32cube.ide.mcu.externaltools.gnu-tools-for-stm32.10.3-2021.10.win32_1.0.100.202210260954/tools/bin/../lib/gcc/arm-none-eabi/10.3.1/../../../../arm-none-eabi/lib/thumb/v7-m/nofp\libc_nano.a(lib_a-findfp.o)
                0x000000000800a734                __sfp_lock_release
 .text.__sinit_lock_acquire
                0x000000000800a740        0xc c:/st/stm32cubeide_1.9.0/stm32cubeide/plugins/com.st.stm32cube.ide.mcu.externaltools.gnu-tools-for-stm32.10.3-2021.10.win32_1.0.100.202210260954/tools/bin/../lib/gcc/arm-none-eabi/10.3.1/../../../../arm-none-eabi/lib/thumb/v7-m/nofp\libc_nano.a(lib_a-findfp.o)
                0x000000000800a740                __sinit_lock_acquire
 .text.__sinit_lock_release
                0x000000000800a74c        0xc c:/st/stm32cubeide_1.9.0/stm32cubeide/plugins/com.st.stm32cube.ide.mcu.externaltools.gnu-tools-for-stm32.10.3-2021.10.win32_1.0.100.202210260954/tools/bin/../lib/gcc/arm-none-eabi/10.3.1/../../../../arm-none-eabi/lib/thumb/v7-m/nofp\libc_nano.a(lib_a-findfp.o)
                0x000000000800a74c                __sinit_lock_release
 .text.__sinit  0x000000000800a758       0x70 c:/st/stm32cubeide_1.9.0/stm32cubeide/plugins/com.st.stm32cube.ide.mcu.externaltools.gnu-tools-for-stm32.10.3-2021.10.win32_1.0.100.202210260954/tools/bin/../lib/gcc/arm-none-eabi/10.3.1/../../../../arm-none-eabi/lib/thumb/v7-m/nofp\libc_nano.a(lib_a-findfp.o)
                0x000000000800a758                __sinit
 .text.__sfp    0x000000000800a7c8       0x8c c:/st/stm32cubeide_1.9.0/stm32cubeide/plugins/com.st.stm32cube.ide.mcu.externaltools.gnu-tools-for-stm32.10.3-2021.10.win32_1.0.100.202210260954/tools/bin/../lib/gcc/arm-none-eabi/10.3.1/../../../../arm-none-eabi/lib/thumb/v7-m/nofp\libc_nano.a(lib_a-findfp.o)
                0x000000000800a7c8                __sfp
 .text._fwalk_reent
                0x000000000800a854       0x3e c:/st/stm32cubeide_1.9.0/stm32cubeide/plugins/com.st.stm32cube.ide.mcu.externaltools.gnu-tools-for-stm32.10.3-2021.10.win32_1.0.100.202210260954/tools/bin/../lib/gcc/arm-none-eabi/10.3.1/../../../../arm-none-eabi/lib/thumb/v7-m/nofp\libc_nano.a(lib_a-fwalk.o)
                0x000000000800a854                _fwalk_reent
 .text.__retarget_lock_init_recursive
                0x000000000800a892        0x2 c:/st/stm32cubeide_1.9.0/stm32cubeide/plugins/com.st.stm32cube.ide.mcu.externaltools.gnu-tools-for-stm32.10.3-2021.10.win32_1.0.100.202210260954/tools/bin/../lib/gcc/arm-none-eabi/10.3.1/../../../../arm-none-eabi/lib/thumb/v7-m/nofp\libc_nano.a(lib_a-lock.o)
                0x000000000800a892                __retarget_lock_init_recursive
 .text.__retarget_lock_acquire_recursive
                0x000000000800a894        0x2 c:/st/stm32cubeide_1.9.0/stm32cubeide/plugins/com.st.stm32cube.ide.mcu.externaltools.gnu-tools-for-stm32.10.3-2021.10.win32_1.0.100.202210260954/tools/bin/../lib/gcc/arm-none-eabi/10.3.1/../../../../arm-none-eabi/lib/thumb/v7-m/nofp\libc_nano.a(lib_a-lock.o)
                0x000000000800a894                __retarget_lock_acquire_recursive
 .text.__retarget_lock_release_recursive
                0x000000000800a896        0x2 c:/st/stm32cubeide_1.9.0/stm32cubeide/plugins/com.st.stm32cube.ide.mcu.externaltools.gnu-tools-for-stm32.10.3-2021.10.win32_1.0.100.202210260954/tools/bin/../lib/gcc/arm-none-eabi/10.3.1/../../../../arm-none-eabi/lib/thumb/v7-m/nofp\libc_nano.a(lib_a-lock.o)
                0x000000000800a896                __retarget_lock_release_recursive
 .text.__swhatbuf_r
                0x000000000800a898       0x4a c:/st/stm32cubeide_1.9.0/stm32cubeide/plugins/com.st.stm32cube.ide.mcu.externaltools.gnu-tools-for-stm32.10.3-2021.10.win32_1.0.100.202210260954/tools/bin/../lib/gcc/arm-none-eabi/10.3.1/../../../../arm-none-eabi/lib/thumb/v7-m/nofp\libc_nano.a(lib_a-makebuf.o)
                0x000000000800a898                __swhatbuf_r
 *fill*         0x000000000800a8e2        0x2 
 .text.__smakebuf_r
                0x000000000800a8e4       0x80 c:/st/stm32cubeide_1.9.0/stm32cubeide/plugins/com.st.stm32cube.ide.mcu.externaltools.gnu-tools-for-stm32.10.3-2021.10.win32_1.0.100.202210260954/tools/bin/../lib/gcc/arm-none-eabi/10.3.1/../../../../arm-none-eabi/lib/thumb/v7-m/nofp\libc_nano.a(lib_a-makebuf.o)
                0x000000000800a8e4                __smakebuf_r
 .text.memchr   0x000000000800a964       0x1c c:/st/stm32cubeide_1.9.0/stm32cubeide/plugins/com.st.stm32cube.ide.mcu.externaltools.gnu-tools-for-stm32.10.3-2021.10.win32_1.0.100.202210260954/tools/bin/../lib/gcc/arm-none-eabi/10.3.1/../../../../arm-none-eabi/lib/thumb/v7-m/nofp\libc_nano.a(lib_a-memchr-stub.o)
                0x000000000800a964                memchr
 .text.__malloc_lock
                0x000000000800a980        0xc c:/st/stm32cubeide_1.9.0/stm32cubeide/plugins/com.st.stm32cube.ide.mcu.externaltools.gnu-tools-for-stm32.10.3-2021.10.win32_1.0.100.202210260954/tools/bin/../lib/gcc/arm-none-eabi/10.3.1/../../../../arm-none-eabi/lib/thumb/v7-m/nofp\libc_nano.a(lib_a-mlock.o)
                0x000000000800a980                __malloc_lock
 .text.__malloc_unlock
                0x000000000800a98c        0xc c:/st/stm32cubeide_1.9.0/stm32cubeide/plugins/com.st.stm32cube.ide.mcu.externaltools.gnu-tools-for-stm32.10.3-2021.10.win32_1.0.100.202210260954/tools/bin/../lib/gcc/arm-none-eabi/10.3.1/../../../../arm-none-eabi/lib/thumb/v7-m/nofp\libc_nano.a(lib_a-mlock.o)
                0x000000000800a98c                __malloc_unlock
 .text._raise_r
                0x000000000800a998       0x50 c:/st/stm32cubeide_1.9.0/stm32cubeide/plugins/com.st.stm32cube.ide.mcu.externaltools.gnu-tools-for-stm32.10.3-2021.10.win32_1.0.100.202210260954/tools/bin/../lib/gcc/arm-none-eabi/10.3.1/../../../../arm-none-eabi/lib/thumb/v7-m/nofp\libc_nano.a(lib_a-signal.o)
                0x000000000800a998                _raise_r
 .text.raise    0x000000000800a9e8       0x10 c:/st/stm32cubeide_1.9.0/stm32cubeide/plugins/com.st.stm32cube.ide.mcu.externaltools.gnu-tools-for-stm32.10.3-2021.10.win32_1.0.100.202210260954/tools/bin/../lib/gcc/arm-none-eabi/10.3.1/../../../../arm-none-eabi/lib/thumb/v7-m/nofp\libc_nano.a(lib_a-signal.o)
                0x000000000800a9e8                raise
 .text._kill_r  0x000000000800a9f8       0x24 c:/st/stm32cubeide_1.9.0/stm32cubeide/plugins/com.st.stm32cube.ide.mcu.externaltools.gnu-tools-for-stm32.10.3-2021.10.win32_1.0.100.202210260954/tools/bin/../lib/gcc/arm-none-eabi/10.3.1/../../../../arm-none-eabi/lib/thumb/v7-m/nofp\libc_nano.a(lib_a-signalr.o)
                0x000000000800a9f8                _kill_r
 .text._getpid_r
                0x000000000800aa1c        0x4 c:/st/stm32cubeide_1.9.0/stm32cubeide/plugins/com.st.stm32cube.ide.mcu.externaltools.gnu-tools-for-stm32.10.3-2021.10.win32_1.0.100.202210260954/tools/bin/../lib/gcc/arm-none-eabi/10.3.1/../../../../arm-none-eabi/lib/thumb/v7-m/nofp\libc_nano.a(lib_a-signalr.o)
                0x000000000800aa1c                _getpid_r
 .text.__sread  0x000000000800aa20       0x22 c:/st/stm32cubeide_1.9.0/stm32cubeide/plugins/com.st.stm32cube.ide.mcu.externaltools.gnu-tools-for-stm32.10.3-2021.10.win32_1.0.100.202210260954/tools/bin/../lib/gcc/arm-none-eabi/10.3.1/../../../../arm-none-eabi/lib/thumb/v7-m/nofp\libc_nano.a(lib_a-stdio.o)
                0x000000000800aa20                __sread
 .text.__swrite
                0x000000000800aa42       0x38 c:/st/stm32cubeide_1.9.0/stm32cubeide/plugins/com.st.stm32cube.ide.mcu.externaltools.gnu-tools-for-stm32.10.3-2021.10.win32_1.0.100.202210260954/tools/bin/../lib/gcc/arm-none-eabi/10.3.1/../../../../arm-none-eabi/lib/thumb/v7-m/nofp\libc_nano.a(lib_a-stdio.o)
                0x000000000800aa42                __swrite
 .text.__sseek  0x000000000800aa7a       0x24 c:/st/stm32cubeide_1.9.0/stm32cubeide/plugins/com.st.stm32cube.ide.mcu.externaltools.gnu-tools-for-stm32.10.3-2021.10.win32_1.0.100.202210260954/tools/bin/../lib/gcc/arm-none-eabi/10.3.1/../../../../arm-none-eabi/lib/thumb/v7-m/nofp\libc_nano.a(lib_a-stdio.o)
                0x000000000800aa7a                __sseek
 .text.__sclose
                0x000000000800aa9e        0x8 c:/st/stm32cubeide_1.9.0/stm32cubeide/plugins/com.st.stm32cube.ide.mcu.externaltools.gnu-tools-for-stm32.10.3-2021.10.win32_1.0.100.202210260954/tools/bin/../lib/gcc/arm-none-eabi/10.3.1/../../../../arm-none-eabi/lib/thumb/v7-m/nofp\libc_nano.a(lib_a-stdio.o)
                0x000000000800aa9e                __sclose
 *fill*         0x000000000800aaa6        0x2 
 .text._write_r
                0x000000000800aaa8       0x24 c:/st/stm32cubeide_1.9.0/stm32cubeide/plugins/com.st.stm32cube.ide.mcu.externaltools.gnu-tools-for-stm32.10.3-2021.10.win32_1.0.100.202210260954/tools/bin/../lib/gcc/arm-none-eabi/10.3.1/../../../../arm-none-eabi/lib/thumb/v7-m/nofp\libc_nano.a(lib_a-writer.o)
                0x000000000800aaa8                _write_r
 .text._close_r
                0x000000000800aacc       0x20 c:/st/stm32cubeide_1.9.0/stm32cubeide/plugins/com.st.stm32cube.ide.mcu.externaltools.gnu-tools-for-stm32.10.3-2021.10.win32_1.0.100.202210260954/tools/bin/../lib/gcc/arm-none-eabi/10.3.1/../../../../arm-none-eabi/lib/thumb/v7-m/nofp\libc_nano.a(lib_a-closer.o)
                0x000000000800aacc                _close_r
 .text._fstat_r
                0x000000000800aaec       0x24 c:/st/stm32cubeide_1.9.0/stm32cubeide/plugins/com.st.stm32cube.ide.mcu.externaltools.gnu-tools-for-stm32.10.3-2021.10.win32_1.0.100.202210260954/tools/bin/../lib/gcc/arm-none-eabi/10.3.1/../../../../arm-none-eabi/lib/thumb/v7-m/nofp\libc_nano.a(lib_a-fstatr.o)
                0x000000000800aaec                _fstat_r
 .text._isatty_r
                0x000000000800ab10       0x20 c:/st/stm32cubeide_1.9.0/stm32cubeide/plugins/com.st.stm32cube.ide.mcu.externaltools.gnu-tools-for-stm32.10.3-2021.10.win32_1.0.100.202210260954/tools/bin/../lib/gcc/arm-none-eabi/10.3.1/../../../../arm-none-eabi/lib/thumb/v7-m/nofp\libc_nano.a(lib_a-isattyr.o)
                0x000000000800ab10                _isatty_r
 .text._lseek_r
                0x000000000800ab30       0x24 c:/st/stm32cubeide_1.9.0/stm32cubeide/plugins/com.st.stm32cube.ide.mcu.externaltools.gnu-tools-for-stm32.10.3-2021.10.win32_1.0.100.202210260954/tools/bin/../lib/gcc/arm-none-eabi/10.3.1/../../../../arm-none-eabi/lib/thumb/v7-m/nofp\libc_nano.a(lib_a-lseekr.o)
                0x000000000800ab30                _lseek_r
 .text._read_r  0x000000000800ab54       0x24 c:/st/stm32cubeide_1.9.0/stm32cubeide/plugins/com.st.stm32cube.ide.mcu.externaltools.gnu-tools-for-stm32.10.3-2021.10.win32_1.0.100.202210260954/tools/bin/../lib/gcc/arm-none-eabi/10.3.1/../../../../arm-none-eabi/lib/thumb/v7-m/nofp\libc_nano.a(lib_a-readr.o)
                0x000000000800ab54                _read_r
 *(.glue_7)
 .glue_7        0x000000000800ab78        0x0 linker stubs
 *(.glue_7t)
 .glue_7t       0x000000000800ab78        0x0 linker stubs
 *(.eh_frame)
 .eh_frame      0x000000000800ab78        0x0 c:/st/stm32cubeide_1.9.0/stm32cubeide/plugins/com.st.stm32cube.ide.mcu.externaltools.gnu-tools-for-stm32.10.3-2021.10.win32_1.0.100.202210260954/tools/bin/../lib/gcc/arm-none-eabi/10.3.1/thumb/v7-m/nofp/crtbegin.o
 *(.init)
 .init          0x000000000800ab78        0x4 c:/st/stm32cubeide_1.9.0/stm32cubeide/plugins/com.st.stm32cube.ide.mcu.externaltools.gnu-tools-for-stm32.10.3-2021.10.win32_1.0.100.202210260954/tools/bin/../lib/gcc/arm-none-eabi/10.3.1/thumb/v7-m/nofp/crti.o
                0x000000000800ab78                _init
 .init          0x000000000800ab7c        0x8 c:/st/stm32cubeide_1.9.0/stm32cubeide/plugins/com.st.stm32cube.ide.mcu.externaltools.gnu-tools-for-stm32.10.3-2021.10.win32_1.0.100.202210260954/tools/bin/../lib/gcc/arm-none-eabi/10.3.1/thumb/v7-m/nofp/crtn.o
 *(.fini)
 .fini          0x000000000800ab84        0x4 c:/st/stm32cubeide_1.9.0/stm32cubeide/plugins/com.st.stm32cube.ide.mcu.externaltools.gnu-tools-for-stm32.10.3-2021.10.win32_1.0.100.202210260954/tools/bin/../lib/gcc/arm-none-eabi/10.3.1/thumb/v7-m/nofp/crti.o
                0x000000000800ab84                _fini
 .fini          0x000000000800ab88        0x8 c:/st/stm32cubeide_1.9.0/stm32cubeide/plugins/com.st.stm32cube.ide.mcu.externaltools.gnu-tools-for-stm32.10.3-2021.10.win32_1.0.100.202210260954/tools/bin/../lib/gcc/arm-none-eabi/10.3.1/thumb/v7-m/nofp/crtn.o
                0x000000000800ab90                . = ALIGN (0x4)
                0x000000000800ab90                _etext = .

.vfp11_veneer   0x000000000800ab90        0x0
 .vfp11_veneer  0x000000000800ab90        0x0 linker stubs

.v4_bx          0x000000000800ab90        0x0
 .v4_bx         0x000000000800ab90        0x0 linker stubs

.iplt           0x000000000800ab90        0x0
 .iplt          0x000000000800ab90        0x0 c:/st/stm32cubeide_1.9.0/stm32cubeide/plugins/com.st.stm32cube.ide.mcu.externaltools.gnu-tools-for-stm32.10.3-2021.10.win32_1.0.100.202210260954/tools/bin/../lib/gcc/arm-none-eabi/10.3.1/thumb/v7-m/nofp/crtbegin.o

.rodata         0x000000000800ab90      0xed0
                0x000000000800ab90                . = ALIGN (0x4)
 *(.rodata)
 .rodata        0x000000000800ab90       0x4b ./Core/Src/inv_mpu_dmp_motion_driver.o
 *fill*         0x000000000800abdb        0x1 
 .rodata        0x000000000800abdc       0x3c ./Core/Src/main.o
 *(.rodata*)
 .rodata.reg    0x000000000800ac18       0x2a ./Core/Src/inv_mpu.o
                0x000000000800ac18                reg
 *fill*         0x000000000800ac42        0x2 
 .rodata.hw     0x000000000800ac44        0xe ./Core/Src/inv_mpu.o
                0x000000000800ac44                hw
 *fill*         0x000000000800ac52        0x2 
 .rodata.test   0x000000000800ac54       0x30 ./Core/Src/inv_mpu.o
                0x000000000800ac54                test
 .rodata.dmp_memory
                0x000000000800ac84      0xbf6 ./Core/Src/inv_mpu_dmp_motion_driver.o
 *fill*         0x000000000800b87a        0x2 
 .rodata.AHBPrescTable
                0x000000000800b87c       0x10 ./Core/Src/system_stm32f1xx.o
                0x000000000800b87c                AHBPrescTable
 .rodata.APBPrescTable
                0x000000000800b88c        0x8 ./Core/Src/system_stm32f1xx.o
                0x000000000800b88c                APBPrescTable
 .rodata.aPLLMULFactorTable.1
                0x000000000800b894       0x10 ./Drivers/STM32F1xx_HAL_Driver/Src/stm32f1xx_hal_rcc.o
 .rodata.aPredivFactorTable.0
                0x000000000800b8a4        0x2 ./Drivers/STM32F1xx_HAL_Driver/Src/stm32f1xx_hal_rcc.o
 .rodata.asin.str1.1
                0x000000000800b8a6        0x0 c:/st/stm32cubeide_1.9.0/stm32cubeide/plugins/com.st.stm32cube.ide.mcu.externaltools.gnu-tools-for-stm32.10.3-2021.10.win32_1.0.100.202210260954/tools/bin/../lib/gcc/arm-none-eabi/10.3.1/../../../../arm-none-eabi/lib/thumb/v7-m/nofp\libm.a(lib_a-w_asin.o)
                                          0x1 (size before relaxing)
 *fill*         0x000000000800b8a6        0x2 
 .rodata.CSWTCH.8
                0x000000000800b8a8       0x18 c:/st/stm32cubeide_1.9.0/stm32cubeide/plugins/com.st.stm32cube.ide.mcu.externaltools.gnu-tools-for-stm32.10.3-2021.10.win32_1.0.100.202210260954/tools/bin/../lib/gcc/arm-none-eabi/10.3.1/../../../../arm-none-eabi/lib/thumb/v7-m/nofp\libm.a(lib_a-e_atan2.o)
 .rodata.CSWTCH.9
                0x000000000800b8c0       0x18 c:/st/stm32cubeide_1.9.0/stm32cubeide/plugins/com.st.stm32cube.ide.mcu.externaltools.gnu-tools-for-stm32.10.3-2021.10.win32_1.0.100.202210260954/tools/bin/../lib/gcc/arm-none-eabi/10.3.1/../../../../arm-none-eabi/lib/thumb/v7-m/nofp\libm.a(lib_a-e_atan2.o)
 .rodata.atanhi
                0x000000000800b8d8       0x20 c:/st/stm32cubeide_1.9.0/stm32cubeide/plugins/com.st.stm32cube.ide.mcu.externaltools.gnu-tools-for-stm32.10.3-2021.10.win32_1.0.100.202210260954/tools/bin/../lib/gcc/arm-none-eabi/10.3.1/../../../../arm-none-eabi/lib/thumb/v7-m/nofp\libm.a(lib_a-s_atan.o)
 .rodata.atanlo
                0x000000000800b8f8       0x20 c:/st/stm32cubeide_1.9.0/stm32cubeide/plugins/com.st.stm32cube.ide.mcu.externaltools.gnu-tools-for-stm32.10.3-2021.10.win32_1.0.100.202210260954/tools/bin/../lib/gcc/arm-none-eabi/10.3.1/../../../../arm-none-eabi/lib/thumb/v7-m/nofp\libm.a(lib_a-s_atan.o)
 .rodata._global_impure_ptr
                0x000000000800b918        0x4 c:/st/stm32cubeide_1.9.0/stm32cubeide/plugins/com.st.stm32cube.ide.mcu.externaltools.gnu-tools-for-stm32.10.3-2021.10.win32_1.0.100.202210260954/tools/bin/../lib/gcc/arm-none-eabi/10.3.1/../../../../arm-none-eabi/lib/thumb/v7-m/nofp\libc_nano.a(lib_a-impure.o)
                0x000000000800b918                _global_impure_ptr
 .rodata.srand.str1.1
                0x000000000800b91c       0x72 c:/st/stm32cubeide_1.9.0/stm32cubeide/plugins/com.st.stm32cube.ide.mcu.externaltools.gnu-tools-for-stm32.10.3-2021.10.win32_1.0.100.202210260954/tools/bin/../lib/gcc/arm-none-eabi/10.3.1/../../../../arm-none-eabi/lib/thumb/v7-m/nofp\libc_nano.a(lib_a-rand.o)
 .rodata.__assert_func.str1.1
                0x000000000800b98e       0x3c c:/st/stm32cubeide_1.9.0/stm32cubeide/plugins/com.st.stm32cube.ide.mcu.externaltools.gnu-tools-for-stm32.10.3-2021.10.win32_1.0.100.202210260954/tools/bin/../lib/gcc/arm-none-eabi/10.3.1/../../../../arm-none-eabi/lib/thumb/v7-m/nofp\libc_nano.a(lib_a-assert.o)
                                         0x3d (size before relaxing)
 .rodata._vfprintf_r.str1.1
                0x000000000800b9ca       0x11 c:/st/stm32cubeide_1.9.0/stm32cubeide/plugins/com.st.stm32cube.ide.mcu.externaltools.gnu-tools-for-stm32.10.3-2021.10.win32_1.0.100.202210260954/tools/bin/../lib/gcc/arm-none-eabi/10.3.1/../../../../arm-none-eabi/lib/thumb/v7-m/nofp\libc_nano.a(lib_a-nano-vfprintf.o)
 .rodata._printf_i.str1.1
                0x000000000800b9db       0x22 c:/st/stm32cubeide_1.9.0/stm32cubeide/plugins/com.st.stm32cube.ide.mcu.externaltools.gnu-tools-for-stm32.10.3-2021.10.win32_1.0.100.202210260954/tools/bin/../lib/gcc/arm-none-eabi/10.3.1/../../../../arm-none-eabi/lib/thumb/v7-m/nofp\libc_nano.a(lib_a-nano-vfprintf_i.o)
 *fill*         0x000000000800b9fd        0x3 
 .rodata.__sf_fake_stderr
                0x000000000800ba00       0x20 c:/st/stm32cubeide_1.9.0/stm32cubeide/plugins/com.st.stm32cube.ide.mcu.externaltools.gnu-tools-for-stm32.10.3-2021.10.win32_1.0.100.202210260954/tools/bin/../lib/gcc/arm-none-eabi/10.3.1/../../../../arm-none-eabi/lib/thumb/v7-m/nofp\libc_nano.a(lib_a-findfp.o)
                0x000000000800ba00                __sf_fake_stderr
 .rodata.__sf_fake_stdin
                0x000000000800ba20       0x20 c:/st/stm32cubeide_1.9.0/stm32cubeide/plugins/com.st.stm32cube.ide.mcu.externaltools.gnu-tools-for-stm32.10.3-2021.10.win32_1.0.100.202210260954/tools/bin/../lib/gcc/arm-none-eabi/10.3.1/../../../../arm-none-eabi/lib/thumb/v7-m/nofp\libc_nano.a(lib_a-findfp.o)
                0x000000000800ba20                __sf_fake_stdin
 .rodata.__sf_fake_stdout
                0x000000000800ba40       0x20 c:/st/stm32cubeide_1.9.0/stm32cubeide/plugins/com.st.stm32cube.ide.mcu.externaltools.gnu-tools-for-stm32.10.3-2021.10.win32_1.0.100.202210260954/tools/bin/../lib/gcc/arm-none-eabi/10.3.1/../../../../arm-none-eabi/lib/thumb/v7-m/nofp\libc_nano.a(lib_a-findfp.o)
                0x000000000800ba40                __sf_fake_stdout
                0x000000000800ba60                . = ALIGN (0x4)

.rel.dyn        0x000000000800ba60        0x0
 .rel.iplt      0x000000000800ba60        0x0 c:/st/stm32cubeide_1.9.0/stm32cubeide/plugins/com.st.stm32cube.ide.mcu.externaltools.gnu-tools-for-stm32.10.3-2021.10.win32_1.0.100.202210260954/tools/bin/../lib/gcc/arm-none-eabi/10.3.1/thumb/v7-m/nofp/crtbegin.o

.ARM.extab      0x000000000800ba60        0x0
                0x000000000800ba60                . = ALIGN (0x4)
 *(.ARM.extab* .gnu.linkonce.armextab.*)
                0x000000000800ba60                . = ALIGN (0x4)

.ARM            0x000000000800ba60        0x0
                0x000000000800ba60                . = ALIGN (0x4)
                0x000000000800ba60                __exidx_start = .
 *(.ARM.exidx*)
                0x000000000800ba60                __exidx_end = .
                0x000000000800ba60                . = ALIGN (0x4)

.preinit_array  0x000000000800ba60        0x0
                0x000000000800ba60                . = ALIGN (0x4)
                0x000000000800ba60                PROVIDE (__preinit_array_start = .)
 *(.preinit_array*)
                0x000000000800ba60                PROVIDE (__preinit_array_end = .)
                0x000000000800ba60                . = ALIGN (0x4)

.init_array     0x000000000800ba60        0x4
                0x000000000800ba60                . = ALIGN (0x4)
                0x000000000800ba60                PROVIDE (__init_array_start = .)
 *(SORT_BY_NAME(.init_array.*))
 *(.init_array*)
 .init_array    0x000000000800ba60        0x4 c:/st/stm32cubeide_1.9.0/stm32cubeide/plugins/com.st.stm32cube.ide.mcu.externaltools.gnu-tools-for-stm32.10.3-2021.10.win32_1.0.100.202210260954/tools/bin/../lib/gcc/arm-none-eabi/10.3.1/thumb/v7-m/nofp/crtbegin.o
                0x000000000800ba64                PROVIDE (__init_array_end = .)
                0x000000000800ba64                . = ALIGN (0x4)

.fini_array     0x000000000800ba64        0x4
                0x000000000800ba64                . = ALIGN (0x4)
                [!provide]                        PROVIDE (__fini_array_start = .)
 *(SORT_BY_NAME(.fini_array.*))
 *(.fini_array*)
 .fini_array    0x000000000800ba64        0x4 c:/st/stm32cubeide_1.9.0/stm32cubeide/plugins/com.st.stm32cube.ide.mcu.externaltools.gnu-tools-for-stm32.10.3-2021.10.win32_1.0.100.202210260954/tools/bin/../lib/gcc/arm-none-eabi/10.3.1/thumb/v7-m/nofp/crtbegin.o
                [!provide]                        PROVIDE (__fini_array_end = .)
                0x000000000800ba68                . = ALIGN (0x4)
                0x000000000800ba68                _sidata = LOADADDR (.data)

.data           0x0000000020000000       0xa8 load address 0x000000000800ba68
                0x0000000020000000                . = ALIGN (0x4)
                0x0000000020000000                _sdata = .
 *(.data)
 *(.data*)
 .data.st       0x0000000020000000       0x38 ./Core/Src/inv_mpu.o
 .data.SystemCoreClock
                0x0000000020000038        0x4 ./Core/Src/system_stm32f1xx.o
                0x0000000020000038                SystemCoreClock
 .data.uwTickPrio
                0x000000002000003c        0x4 ./Drivers/STM32F1xx_HAL_Driver/Src/stm32f1xx_hal.o
                0x000000002000003c                uwTickPrio
 .data.uwTickFreq
                0x0000000020000040        0x1 ./Drivers/STM32F1xx_HAL_Driver/Src/stm32f1xx_hal.o
                0x0000000020000040                uwTickFreq
 *fill*         0x0000000020000041        0x3 
 .data._impure_ptr
                0x0000000020000044        0x4 c:/st/stm32cubeide_1.9.0/stm32cubeide/plugins/com.st.stm32cube.ide.mcu.externaltools.gnu-tools-for-stm32.10.3-2021.10.win32_1.0.100.202210260954/tools/bin/../lib/gcc/arm-none-eabi/10.3.1/../../../../arm-none-eabi/lib/thumb/v7-m/nofp\libc_nano.a(lib_a-impure.o)
                0x0000000020000044                _impure_ptr
 .data.impure_data
                0x0000000020000048       0x60 c:/st/stm32cubeide_1.9.0/stm32cubeide/plugins/com.st.stm32cube.ide.mcu.externaltools.gnu-tools-for-stm32.10.3-2021.10.win32_1.0.100.202210260954/tools/bin/../lib/gcc/arm-none-eabi/10.3.1/../../../../arm-none-eabi/lib/thumb/v7-m/nofp\libc_nano.a(lib_a-impure.o)
 *(.RamFunc)
 *(.RamFunc*)
                0x00000000200000a8                . = ALIGN (0x4)
                0x00000000200000a8                _edata = .

.igot.plt       0x00000000200000a8        0x0 load address 0x000000000800bb10
 .igot.plt      0x00000000200000a8        0x0 c:/st/stm32cubeide_1.9.0/stm32cubeide/plugins/com.st.stm32cube.ide.mcu.externaltools.gnu-tools-for-stm32.10.3-2021.10.win32_1.0.100.202210260954/tools/bin/../lib/gcc/arm-none-eabi/10.3.1/thumb/v7-m/nofp/crtbegin.o
                0x00000000200000a8                . = ALIGN (0x4)

.bss            0x00000000200000a8      0x270 load address 0x000000000800bb10
                0x00000000200000a8                _sbss = .
                0x00000000200000a8                __bss_start__ = _sbss
 *(.bss)
 .bss           0x00000000200000a8       0x1c c:/st/stm32cubeide_1.9.0/stm32cubeide/plugins/com.st.stm32cube.ide.mcu.externaltools.gnu-tools-for-stm32.10.3-2021.10.win32_1.0.100.202210260954/tools/bin/../lib/gcc/arm-none-eabi/10.3.1/thumb/v7-m/nofp/crtbegin.o
 *(.bss*)
 .bss._aSense   0x00000000200000c4        0x2 ./Core/Src/MPU9250-DMP.o
                0x00000000200000c4                _aSense
 *fill*         0x00000000200000c6        0x2 
 .bss._gSense   0x00000000200000c8        0x4 ./Core/Src/MPU9250-DMP.o
                0x00000000200000c8                _gSense
 .bss.ax        0x00000000200000cc        0x4 ./Core/Src/MPU9250-DMP.o
                0x00000000200000cc                ax
 .bss.ay        0x00000000200000d0        0x4 ./Core/Src/MPU9250-DMP.o
                0x00000000200000d0                ay
 .bss.az        0x00000000200000d4        0x4 ./Core/Src/MPU9250-DMP.o
                0x00000000200000d4                az
 .bss.gx        0x00000000200000d8        0x4 ./Core/Src/MPU9250-DMP.o
                0x00000000200000d8                gx
 .bss.gy        0x00000000200000dc        0x4 ./Core/Src/MPU9250-DMP.o
                0x00000000200000dc                gy
 .bss.gz        0x00000000200000e0        0x4 ./Core/Src/MPU9250-DMP.o
                0x00000000200000e0                gz
 .bss.qw        0x00000000200000e4        0x4 ./Core/Src/MPU9250-DMP.o
                0x00000000200000e4                qw
 .bss.qx        0x00000000200000e8        0x4 ./Core/Src/MPU9250-DMP.o
                0x00000000200000e8                qx
 .bss.qy        0x00000000200000ec        0x4 ./Core/Src/MPU9250-DMP.o
                0x00000000200000ec                qy
 .bss.qz        0x00000000200000f0        0x4 ./Core/Src/MPU9250-DMP.o
                0x00000000200000f0                qz
 .bss.time_inside
                0x00000000200000f4        0x4 ./Core/Src/MPU9250-DMP.o
                0x00000000200000f4                time_inside
 .bss.pitch_inside
                0x00000000200000f8        0x4 ./Core/Src/MPU9250-DMP.o
                0x00000000200000f8                pitch_inside
 .bss.roll_inside
                0x00000000200000fc        0x4 ./Core/Src/MPU9250-DMP.o
                0x00000000200000fc                roll_inside
 .bss.yaw_inside
                0x0000000020000100        0x4 ./Core/Src/MPU9250-DMP.o
                0x0000000020000100                yaw_inside
 .bss.dmp       0x0000000020000104       0x10 ./Core/Src/inv_mpu_dmp_motion_driver.o
 .bss.hcan      0x0000000020000114       0x28 ./Core/Src/main.o
                0x0000000020000114                hcan
 .bss.hi2c1     0x000000002000013c       0x54 ./Core/Src/main.o
                0x000000002000013c                hi2c1
 .bss.huart1    0x0000000020000190       0x48 ./Core/Src/main.o
                0x0000000020000190                huart1
 .bss.hdma_usart1_rx
                0x00000000200001d8       0x44 ./Core/Src/main.o
                0x00000000200001d8                hdma_usart1_rx
 .bss.status_move
                0x000000002000021c        0x4 ./Core/Src/main.o
                0x000000002000021c                status_move
 .bss.uart_buff
                0x0000000020000220       0x64 ./Core/Src/main.o
                0x0000000020000220                uart_buff
 .bss.new_data  0x0000000020000284        0x1 ./Core/Src/main.o
                0x0000000020000284                new_data
 *fill*         0x0000000020000285        0x1 
 .bss.data_size
                0x0000000020000286        0x2 ./Core/Src/main.o
                0x0000000020000286                data_size
 .bss.manual_mode
                0x0000000020000288        0x4 ./Core/Src/main.o
                0x0000000020000288                manual_mode
 .bss.start_stop
                0x000000002000028c        0x4 ./Core/Src/main.o
                0x000000002000028c                start_stop
 .bss.motor_speed_left
                0x0000000020000290        0x4 ./Core/Src/main.o
                0x0000000020000290                motor_speed_left
 .bss.motor_speed_right
                0x0000000020000294        0x4 ./Core/Src/main.o
                0x0000000020000294                motor_speed_right
 .bss.TxHeader  0x0000000020000298       0x18 ./Core/Src/main.o
                0x0000000020000298                TxHeader
 .bss.RxHeader  0x00000000200002b0       0x1c ./Core/Src/main.o
                0x00000000200002b0                RxHeader
 .bss.TxData    0x00000000200002cc        0x8 ./Core/Src/main.o
                0x00000000200002cc                TxData
 .bss.RxData    0x00000000200002d4        0x8 ./Core/Src/main.o
                0x00000000200002d4                RxData
 .bss.TxMailbox
                0x00000000200002dc        0x4 ./Core/Src/main.o
                0x00000000200002dc                TxMailbox
 .bss.NewCanMsg
                0x00000000200002e0        0x1 ./Core/Src/main.o
                0x00000000200002e0                NewCanMsg
 *fill*         0x00000000200002e1        0x3 
 .bss.move_axis_en.6
                0x00000000200002e4        0x4 ./Core/Src/main.o
 .bss.lift_axis_en.5
                0x00000000200002e8        0x4 ./Core/Src/main.o
 .bss.ch_velocity.4
                0x00000000200002ec        0x4 ./Core/Src/main.o
 .bss.ultra_forw_trig.3
                0x00000000200002f0        0x4 ./Core/Src/main.o
 .bss.ultra_back_trig.2
                0x00000000200002f4        0x4 ./Core/Src/main.o
 .bss.logic_state.1
                0x00000000200002f8        0x4 ./Core/Src/main.o
 .bss.yaw_sv.0  0x00000000200002fc        0x4 ./Core/Src/main.o
 .bss.__sbrk_heap_end
                0x0000000020000300        0x4 ./Core/Src/sysmem.o
 .bss.uwTick    0x0000000020000304        0x4 ./Drivers/STM32F1xx_HAL_Driver/Src/stm32f1xx_hal.o
                0x0000000020000304                uwTick
 .bss.__malloc_free_list
                0x0000000020000308        0x4 c:/st/stm32cubeide_1.9.0/stm32cubeide/plugins/com.st.stm32cube.ide.mcu.externaltools.gnu-tools-for-stm32.10.3-2021.10.win32_1.0.100.202210260954/tools/bin/../lib/gcc/arm-none-eabi/10.3.1/../../../../arm-none-eabi/lib/thumb/v7-m/nofp\libc_nano.a(lib_a-nano-mallocr.o)
                0x0000000020000308                __malloc_free_list
 .bss.__malloc_sbrk_start
                0x000000002000030c        0x4 c:/st/stm32cubeide_1.9.0/stm32cubeide/plugins/com.st.stm32cube.ide.mcu.externaltools.gnu-tools-for-stm32.10.3-2021.10.win32_1.0.100.202210260954/tools/bin/../lib/gcc/arm-none-eabi/10.3.1/../../../../arm-none-eabi/lib/thumb/v7-m/nofp\libc_nano.a(lib_a-nano-mallocr.o)
                0x000000002000030c                __malloc_sbrk_start
 .bss.__lock___malloc_recursive_mutex
                0x0000000020000310        0x1 c:/st/stm32cubeide_1.9.0/stm32cubeide/plugins/com.st.stm32cube.ide.mcu.externaltools.gnu-tools-for-stm32.10.3-2021.10.win32_1.0.100.202210260954/tools/bin/../lib/gcc/arm-none-eabi/10.3.1/../../../../arm-none-eabi/lib/thumb/v7-m/nofp\libc_nano.a(lib_a-lock.o)
                0x0000000020000310                __lock___malloc_recursive_mutex
 .bss.__lock___sfp_recursive_mutex
                0x0000000020000311        0x1 c:/st/stm32cubeide_1.9.0/stm32cubeide/plugins/com.st.stm32cube.ide.mcu.externaltools.gnu-tools-for-stm32.10.3-2021.10.win32_1.0.100.202210260954/tools/bin/../lib/gcc/arm-none-eabi/10.3.1/../../../../arm-none-eabi/lib/thumb/v7-m/nofp\libc_nano.a(lib_a-lock.o)
                0x0000000020000311                __lock___sfp_recursive_mutex
 .bss.__lock___sinit_recursive_mutex
                0x0000000020000312        0x1 c:/st/stm32cubeide_1.9.0/stm32cubeide/plugins/com.st.stm32cube.ide.mcu.externaltools.gnu-tools-for-stm32.10.3-2021.10.win32_1.0.100.202210260954/tools/bin/../lib/gcc/arm-none-eabi/10.3.1/../../../../arm-none-eabi/lib/thumb/v7-m/nofp\libc_nano.a(lib_a-lock.o)
                0x0000000020000312                __lock___sinit_recursive_mutex
 *fill*         0x0000000020000313        0x1 
 .bss.errno     0x0000000020000314        0x4 c:/st/stm32cubeide_1.9.0/stm32cubeide/plugins/com.st.stm32cube.ide.mcu.externaltools.gnu-tools-for-stm32.10.3-2021.10.win32_1.0.100.202210260954/tools/bin/../lib/gcc/arm-none-eabi/10.3.1/../../../../arm-none-eabi/lib/thumb/v7-m/nofp\libc_nano.a(lib_a-reent.o)
                0x0000000020000314                errno
 *(COMMON)
                0x0000000020000318                . = ALIGN (0x4)
                0x0000000020000318                _ebss = .
                0x0000000020000318                __bss_end__ = _ebss

._user_heap_stack