../Core/Src/main.c:117:6:printIMUData	40	static
../Core/Src/main.c:123:6:HAL_UART_ErrorCallback	24	static
../Core/Src/main.c:156:6:HAL_UARTEx_RxEventCallback	8	static
../Core/Src/main.c:165:6:HAL_CAN_RxFifo0MsgPendingCallback	8	static,ignoring_inline_asm
../Core/Src/main.c:173:6:HAL_CAN_ErrorCallback	0	static
../Core/Src/main.c:178:9:CanMsgRead	0	static
../Core/Src/main.c:184:9:CanMsgSend	8	static
../Core/Src/main.c:204:6:Moving	40	static
../Core/Src/main.c:294:6:read_uart	0	static
../Core/Src/main.c:302:6:logic	8	static
../Core/Src/main.c:499:6:SystemClock_Config	72	static,ignoring_inline_asm
../Core/Src/main.c:398:5:main	112	static,ignoring_inline_asm
../Core/Src/main.c:735:6:Error_Handler	0	static,ignoring_inline_asm
