../Core/Src/main.c:108:6:printIMUData	40	static
../Core/Src/main.c:114:6:HAL_UART_ErrorCallback	24	static
../Core/Src/main.c:147:6:HAL_UARTEx_RxEventCallback	8	static
../Core/Src/main.c:156:6:HAL_CAN_RxFifo0MsgPendingCallback	8	static,ignoring_inline_asm
../Core/Src/main.c:164:6:HAL_CAN_ErrorCallback	0	static
../Core/Src/main.c:169:9:CanMsgRead	0	static
../Core/Src/main.c:175:9:CanMsgSend	8	static
../Core/Src/main.c:195:6:Moving	40	static
../Core/Src/main.c:285:6:read_uart	0	static
../Core/Src/main.c:394:6:SystemClock_Config	72	static,ignoring_inline_asm
../Core/Src/main.c:298:5:main	72	static,ignoring_inline_asm
../Core/Src/main.c:616:6:Error_Handler	0	static,ignoring_inline_asm
