../Core/Src/main.c:129:6:printIMUData	64	static
../Core/Src/main.c:135:6:HAL_UART_ErrorCallback	40	static
../Core/Src/main.c:168:6:HAL_UARTEx_RxEventCallback	16	static
../Core/Src/main.c:177:6:HAL_CAN_RxFifo0MsgPendingCallback	16	static
../Core/Src/main.c:185:6:HAL_CAN_ErrorCallback	16	static
../Core/Src/main.c:190:9:CanMsgRead	16	static
../Core/Src/main.c:196:9:CanMsgSend	24	static
../Core/Src/main.c:216:6:Moving	32	static
../Core/Src/main.c:306:6:read_uart	4	static
../Core/Src/main.c:314:6:logic	16	static
../Core/Src/main.c:418:5:main	16	static
../Core/Src/main.c:524:6:SystemClock_Config	72	static
../Core/Src/main.c:564:13:MX_CAN_Init	48	static
../Core/Src/main.c:623:13:MX_I2C1_Init	8	static
../Core/Src/main.c:657:13:MX_USART1_UART_Init	8	static
../Core/Src/main.c:688:13:MX_DMA_Init	16	static
../Core/Src/main.c:706:13:MX_GPIO_Init	40	static
../Core/Src/main.c:760:6:Error_Handler	4	static,ignoring_inline_asm
