../Core/Src/MPU9250-DMP.c:29:9:constrain	16	static
../Core/Src/MPU9250-DMP.c:34:10:constrainU16	16	static
../Core/Src/MPU9250-DMP.c:39:5:MPU9250_DMP	4	static
../Core/Src/MPU9250-DMP.c:47:13:MPU9250_begin	16	static
../Core/Src/MPU9250-DMP.c:69:13:MPU9250_enableInterrupt	16	static
../Core/Src/MPU9250-DMP.c:74:13:MPU9250_setIntLevel	16	static
../Core/Src/MPU9250-DMP.c:79:13:MPU9250_setIntLatched	16	static
../Core/Src/MPU9250-DMP.c:84:7:MPU9250_getIntStatus	16	static
../Core/Src/MPU9250-DMP.c:98:13:MPU9250_lowPowerAccel	16	static
../Core/Src/MPU9250-DMP.c:103:13:MPU9250_setGyroFSR	24	static
../Core/Src/MPU9250-DMP.c:114:13:MPU9250_setAccelFSR	24	static
../Core/Src/MPU9250-DMP.c:125:16:MPU9250_getGyroFSR	16	static
../Core/Src/MPU9250-DMP.c:135:15:MPU9250_getAccelFSR	16	static
../Core/Src/MPU9250-DMP.c:145:16:MPU9250_getMagFSR	16	static
../Core/Src/MPU9250-DMP.c:155:13:MPU9250_setLPF	16	static
../Core/Src/MPU9250-DMP.c:160:16:MPU9250_getLPF	16	static
../Core/Src/MPU9250-DMP.c:170:13:MPU9250_setSampleRate	16	static
../Core/Src/MPU9250-DMP.c:175:16:MPU9250_getSampleRate	16	static
../Core/Src/MPU9250-DMP.c:185:13:MPU9250_setCompassSampleRate	16	static
../Core/Src/MPU9250-DMP.c:190:16:MPU9250_getCompassSampleRate	16	static
../Core/Src/MPU9250-DMP.c:201:7:MPU9250_getGyroSens	16	static
../Core/Src/MPU9250-DMP.c:211:16:MPU9250_getAccelSens	16	static
../Core/Src/MPU9250-DMP.c:221:7:MPU9250_getMagSens	4	static
../Core/Src/MPU9250-DMP.c:226:15:MPU9250_getFifoConfig	16	static
../Core/Src/MPU9250-DMP.c:236:13:MPU9250_configureFifo	16	static
../Core/Src/MPU9250-DMP.c:241:13:MPU9250_resetFifo	8	static
../Core/Src/MPU9250-DMP.c:246:16:MPU9250_fifoAvailable	16	static
../Core/Src/MPU9250-DMP.c:258:13:MPU9250_updateFifo	48	static
../Core/Src/MPU9250-DMP.c:285:13:MPU9250_setSensors	16	static
../Core/Src/MPU9250-DMP.c:290:6:MPU9250_dataReady	16	static
../Core/Src/MPU9250-DMP.c:301:13:MPU9250_update	32	static
../Core/Src/MPU9250-DMP.c:320:5:MPU9250_updateAccel	16	static
../Core/Src/MPU9250-DMP.c:334:5:MPU9250_updateGyro	16	static
../Core/Src/MPU9250-DMP.c:348:5:MPU9250_updateCompass	16	static
../Core/Src/MPU9250-DMP.c:362:13:MPU9250_updateTemperature	8	static
../Core/Src/MPU9250-DMP.c:367:5:MPU9250_selfTest	40	static
../Core/Src/MPU9250-DMP.c:373:13:MPU9250_dmpBegin	24	static
../Core/Src/MPU9250-DMP.c:404:13:MPU9250_dmpLoad	8	static
../Core/Src/MPU9250-DMP.c:409:16:MPU9250_dmpGetFifoRate	16	static
../Core/Src/MPU9250-DMP.c:418:13:MPU9250_dmpSetFifoRate	16	static
../Core/Src/MPU9250-DMP.c:424:13:MPU9250_dmpUpdateFifo	64	static
../Core/Src/MPU9250-DMP.c:464:13:MPU9250_dmpEnableFeatures	24	static
../Core/Src/MPU9250-DMP.c:474:16:MPU9250_dmpGetEnabledFeatures	16	static
../Core/Src/MPU9250-DMP.c:482:13:MPU9250_dmpSetTap	32	static
../Core/Src/MPU9250-DMP.c:522:15:MPU9250_getTapDir	4	static
../Core/Src/MPU9250-DMP.c:528:15:MPU9250_getTapCount	4	static
../Core/Src/MPU9250-DMP.c:534:6:MPU9250_tapAvailable	4	static
../Core/Src/MPU9250-DMP.c:539:13:MPU9250_dmpSetOrientation	24	static
../Core/Src/MPU9250-DMP.c:551:15:MPU9250_dmpGetOrientation	4	static
../Core/Src/MPU9250-DMP.c:556:13:MPU9250_dmpEnable3Quat	16	static
../Core/Src/MPU9250-DMP.c:571:15:MPU9250_dmpGetPedometerSteps	16	static
../Core/Src/MPU9250-DMP.c:581:13:MPU9250_dmpSetPedometerSteps	16	static
../Core/Src/MPU9250-DMP.c:586:15:MPU9250_dmpGetPedometerTime	16	static
../Core/Src/MPU9250-DMP.c:596:13:MPU9250_dmpSetPedometerTime	16	static
../Core/Src/MPU9250-DMP.c:601:7:MPU9250_calcAccel	24	static
../Core/Src/MPU9250-DMP.c:609:7:MPU9250_calcGyro	16	static
../Core/Src/MPU9250-DMP.c:617:7:MPU9250_calcMag	16	static
../Core/Src/MPU9250-DMP.c:625:7:MPU9250_calcQuat	16	static
../Core/Src/MPU9250-DMP.c:630:7:MPU9250_qToFloat	32	static
../Core/Src/MPU9250-DMP.c:640:6:MPU9250_computeEulerAngles	64	static
../Core/Src/MPU9250-DMP.c:673:7:MPU9250_computeCompassHeading	16	static
../Core/Src/MPU9250-DMP.c:689:16:MPU9250_orientation_row_2_scale	24	static
../Core/Src/MPU9250-DMP.c:710:13:tap_cb	16	static
../Core/Src/MPU9250-DMP.c:717:13:orient_cb	16	static
