../Core/Src/MPU9250.c:16:6:writeByte	32	static
../Core/Src/MPU9250.c:38:6:readByte	24	static
../Core/Src/MPU9250.c:83:6:readBytes	32	static
../Core/Src/MPU9250.c:126:6:getMres	4	static
../Core/Src/MPU9250.c:141:6:getGres	4	static
../Core/Src/MPU9250.c:163:6:getAres	4	static
../Core/Src/MPU9250.c:184:6:readMPU9250Data	32	static
../Core/Src/MPU9250.c:197:6:readAccelData	24	static
../Core/Src/MPU9250.c:206:6:readGyroData	24	static
../Core/Src/MPU9250.c:215:6:readMagData	24	static
../Core/Src/MPU9250.c:232:9:readTempData	16	static
../Core/Src/MPU9250.c:240:6:resetMPU9250	8	static
../Core/Src/MPU9250.c:246:6:initAK8963	32	static
../Core/Src/MPU9250.c:311:6:initMPU9250	16	static
../Core/Src/MPU9250.c:362:6:calibrateMPU9250	112	static
../Core/Src/MPU9250.c:507:6:magcalMPU9250	96	static
../Core/Src/MPU9250.c:553:6:MPU9250SelfTest	136	static
../Core/Src/MPU9250.c:647:13:MadgwickQuaternionUpdate	200	static
../Core/Src/MPU9250.c:744:18:MahonyQuaternionUpdate	168	static
